// Jest Snapshot v1, https://goo.gl/fbAQLP

exports[`EditOrgDetails matches snapshot 1`] = `
Object {
  "asFragment": [Function],
  "baseElement": <body>
    <div>
      <div
        class="MuiBox-root css-843yvh"
      >
        <div
          class="MuiContainer-root MuiContainer-maxWidthLg css-d0javd-MuiContainer-root"
        >
          <div
            class="MuiGrid-root MuiGrid-container css-11lq3yg-MuiGrid-root"
          >
            <div
              class="MuiGrid-root MuiGrid-item MuiGrid-grid-md-4 css-1baux17-MuiGrid-root"
            >
              <h2
                class="MuiTypography-root MuiTypography-h2 css-1z1222q-MuiTypography-root"
              >
                Please complete your organisation profile
              </h2>
            </div>
            <form
              autocomplete="off"
              class="MuiGrid-root MuiGrid-item MuiGrid-grid-md-8 css-15q1e62-MuiGrid-root"
              data-testid="EditOrgForm"
              novalidate=""
            >
              <h6
                class="MuiTypography-root MuiTypography-subtitle2 css-1acxqn0-MuiTypography-root"
              >
                Organisation Details
              </h6>
              <div
                class="MuiBox-root css-12dktrg"
              >
                <div
                  class="MuiBox-root css-i3pbo"
                >
                  <div
                    class="MuiFormControl-root MuiFormControl-fullWidth MuiTextField-root css-5j85sx-MuiFormControl-root-MuiTextField-root"
                  >
                    <label
                      class="MuiInputLabel-root MuiInputLabel-formControl MuiInputLabel-animated MuiInputLabel-standard MuiFormLabel-root MuiFormLabel-colorPrimary Mui-required css-1n83x2o-MuiFormLabel-root-MuiInputLabel-root"
                      data-shrink="false"
                      for="orgName"
                      id="orgName-label"
                    >
                      Organisation name
                      <span
                        aria-hidden="true"
                        class="MuiInputLabel-asterisk MuiFormLabel-asterisk css-aihfuz-MuiFormLabel-asterisk"
                      >
                         
                        *
                      </span>
                    </label>
                    <div
                      class="MuiInput-root MuiInput-underline MuiInputBase-root MuiInputBase-colorPrimary MuiInputBase-fullWidth MuiInputBase-formControl css-1nkheju-MuiInputBase-root-MuiInput-root"
                    >
                      <input
                        aria-invalid="false"
                        class="MuiInput-input MuiInputBase-input css-1x51dt5-MuiInputBase-input-MuiInput-input"
                        data-testid="org-name"
                        id="orgName"
                        name="orgName"
                        required=""
                        type="text"
                        value=""
                      />
                    </div>
                  </div>
                </div>
                <div
                  class="MuiBox-root css-i3pbo"
                >
                  <div
                    class="MuiFormControl-root MuiFormControl-fullWidth MuiTextField-root css-5j85sx-MuiFormControl-root-MuiTextField-root"
                  >
                    <label
                      class="MuiInputLabel-root MuiInputLabel-formControl MuiInputLabel-animated MuiInputLabel-shrink MuiInputLabel-standard MuiFormLabel-root MuiFormLabel-colorPrimary MuiFormLabel-filled css-rl2i38-MuiFormLabel-root-MuiInputLabel-root"
                      data-shrink="true"
                      for="trustType"
                      id="trustType-label"
                    >
                      Trust type
                    </label>
                    <div
                      class="MuiInput-root MuiInput-underline MuiInputBase-root MuiInputBase-colorPrimary MuiInputBase-fullWidth MuiInputBase-formControl css-1nkheju-MuiInputBase-root-MuiInput-root"
                      variant="standard"
                    >
                      <div
                        aria-expanded="false"
                        aria-haspopup="listbox"
                        aria-labelledby="trustType-label trustType"
                        class="MuiSelect-select MuiSelect-standard MuiInput-input MuiInputBase-input css-1rxz5jq-MuiSelect-select-MuiInputBase-input-MuiInput-input"
                        id="trustType"
                        role="button"
                        tabindex="0"
                      >
                        Not applicable
                      </div>
                      <input
                        aria-hidden="true"
                        class="MuiSelect-nativeInput css-yf8vq0-MuiSelect-nativeInput"
                        data-testid="trust-type"
                        tabindex="-1"
                        value="NOT_APPLICABLE"
                      />
                      <svg
                        aria-hidden="true"
                        class="MuiSvgIcon-root MuiSvgIcon-fontSizeMedium MuiSelect-icon MuiSelect-iconStandard css-pqjvzy-MuiSvgIcon-root-MuiSelect-icon"
                        data-testid="ArrowDropDownIcon"
                        focusable="false"
                        viewBox="0 0 24 24"
                      >
                        <path
                          d="M7 10l5 5 5-5z"
                        />
                      </svg>
                    </div>
                  </div>
                </div>
                <div
                  class="MuiBox-root css-i3pbo"
                >
                  <div
                    class="MuiFormControl-root MuiFormControl-fullWidth MuiTextField-root css-5j85sx-MuiFormControl-root-MuiTextField-root"
                  >
                    <label
                      class="MuiInputLabel-root MuiInputLabel-formControl MuiInputLabel-animated MuiInputLabel-standard MuiFormLabel-root MuiFormLabel-colorPrimary css-1n83x2o-MuiFormLabel-root-MuiInputLabel-root"
                      data-shrink="false"
                      for="trustName"
                      id="trustName-label"
                    >
                      Trust name
                    </label>
                    <div
                      class="MuiInput-root MuiInput-underline MuiInputBase-root MuiInputBase-colorPrimary MuiInputBase-fullWidth MuiInputBase-formControl css-1nkheju-MuiInputBase-root-MuiInput-root"
                    >
                      <input
                        aria-invalid="false"
                        class="MuiInput-input MuiInputBase-input css-1x51dt5-MuiInputBase-input-MuiInput-input"
                        data-testid="trust-name"
                        id="trustName"
                        name="trustName"
                        type="text"
                        value=""
                      />
                    </div>
                  </div>
                </div>
                <div
                  class="MuiBox-root css-i3pbo"
                >
                  <div
                    class="MuiFormControl-root MuiFormControl-fullWidth MuiTextField-root css-5j85sx-MuiFormControl-root-MuiTextField-root"
                  >
                    <label
                      class="MuiInputLabel-root MuiInputLabel-formControl MuiInputLabel-animated MuiInputLabel-standard MuiFormLabel-root MuiFormLabel-colorPrimary css-1n83x2o-MuiFormLabel-root-MuiInputLabel-root"
                      data-shrink="false"
                      for="orgEmail"
                      id="orgEmail-label"
                    >
                      Organisation email
                    </label>
                    <div
                      class="MuiInput-root MuiInput-underline MuiInputBase-root MuiInputBase-colorPrimary MuiInputBase-fullWidth MuiInputBase-formControl css-1nkheju-MuiInputBase-root-MuiInput-root"
                    >
                      <input
                        aria-invalid="false"
                        class="MuiInput-input MuiInputBase-input css-1x51dt5-MuiInputBase-input-MuiInput-input"
                        data-testid="org-email"
                        id="orgEmail"
                        name="orgEmail"
                        type="text"
                        value=""
                      />
                    </div>
                  </div>
                </div>
                <div
                  class="MuiBox-root css-i3pbo"
                >
                  <div
                    class="MuiFormControl-root MuiFormControl-fullWidth MuiTextField-root css-5j85sx-MuiFormControl-root-MuiTextField-root"
                  >
                    <label
                      class="MuiInputLabel-root MuiInputLabel-formControl MuiInputLabel-animated MuiInputLabel-standard MuiFormLabel-root MuiFormLabel-colorPrimary css-1n83x2o-MuiFormLabel-root-MuiInputLabel-root"
                      data-shrink="false"
                      for="orgPhone"
                      id="orgPhone-label"
                    >
                      Organisation phone
                    </label>
                    <div
                      class="MuiInput-root MuiInput-underline MuiInputBase-root MuiInputBase-colorPrimary MuiInputBase-fullWidth MuiInputBase-formControl css-1nkheju-MuiInputBase-root-MuiInput-root"
                    >
                      <input
                        aria-invalid="false"
                        class="MuiInput-input MuiInputBase-input css-1x51dt5-MuiInputBase-input-MuiInput-input"
                        data-testid="org-phone"
                        id="orgPhone"
                        name="orgPhone"
                        type="text"
                        value=""
                      />
                    </div>
                  </div>
                </div>
                <div
                  class="MuiGrid-root MuiGrid-container MuiGrid-spacing-xs-3 css-18lu0av-MuiGrid-root"
                >
                  <div
                    class="MuiGrid-root MuiGrid-item MuiGrid-grid-md-6 css-myzee5-MuiGrid-root"
                  >
                    <div
                      class="MuiFormControl-root MuiFormControl-fullWidth MuiTextField-root css-5j85sx-MuiFormControl-root-MuiTextField-root"
                    >
                      <label
                        class="MuiInputLabel-root MuiInputLabel-formControl MuiInputLabel-animated MuiInputLabel-standard MuiFormLabel-root MuiFormLabel-colorPrimary css-1n83x2o-MuiFormLabel-root-MuiInputLabel-root"
                        data-shrink="false"
                        for="sector"
                        id="sector-label"
                      >
                        Sector
                      </label>
                      <div
                        class="MuiInput-root MuiInput-underline MuiInputBase-root MuiInputBase-colorPrimary MuiInputBase-fullWidth MuiInputBase-formControl css-1nkheju-MuiInputBase-root-MuiInput-root"
                      >
                        <input
                          aria-invalid="false"
                          class="MuiInput-input MuiInputBase-input css-1x51dt5-MuiInputBase-input-MuiInput-input"
                          data-testid="sector"
                          id="sector"
                          name="sector"
                          type="text"
                          value=""
                        />
                      </div>
                    </div>
                  </div>
                  <div
                    class="MuiGrid-root MuiGrid-item MuiGrid-grid-md-6 css-myzee5-MuiGrid-root"
                  >
                    <div
                      class="MuiFormControl-root MuiFormControl-fullWidth MuiTextField-root css-5j85sx-MuiFormControl-root-MuiTextField-root"
                    >
                      <label
                        class="MuiInputLabel-root MuiInputLabel-formControl MuiInputLabel-animated MuiInputLabel-standard MuiFormLabel-root MuiFormLabel-colorPrimary css-1n83x2o-MuiFormLabel-root-MuiInputLabel-root"
                        data-shrink="false"
                        for="localAuthority"
                        id="localAuthority-label"
                      >
                        Local authority
                      </label>
                      <div
                        class="MuiInput-root MuiInput-underline MuiInputBase-root MuiInputBase-colorPrimary MuiInputBase-fullWidth MuiInputBase-formControl css-1nkheju-MuiInputBase-root-MuiInput-root"
                      >
                        <input
                          aria-invalid="false"
                          class="MuiInput-input MuiInputBase-input css-1x51dt5-MuiInputBase-input-MuiInput-input"
                          data-testid="local-authority"
                          id="localAuthority"
                          name="localAuthority"
                          type="text"
                          value=""
                        />
                      </div>
                    </div>
                  </div>
                </div>
                <div
                  class="MuiGrid-root MuiGrid-container MuiGrid-spacing-xs-3 css-18lu0av-MuiGrid-root"
                >
                  <div
                    class="MuiGrid-root MuiGrid-item MuiGrid-grid-md-6 css-myzee5-MuiGrid-root"
                  >
                    <div
                      class="MuiFormControl-root MuiFormControl-fullWidth MuiTextField-root css-5j85sx-MuiFormControl-root-MuiTextField-root"
                      data-testid="ofsted-rating-select"
                    >
                      <label
                        class="MuiInputLabel-root MuiInputLabel-formControl MuiInputLabel-animated MuiInputLabel-shrink MuiInputLabel-standard MuiFormLabel-root MuiFormLabel-colorPrimary MuiFormLabel-filled css-rl2i38-MuiFormLabel-root-MuiInputLabel-root"
                        data-shrink="true"
                        for="ofstedRating"
                        id="ofstedRating-label"
                      >
                        Ofsted rating
                      </label>
                      <div
                        class="MuiInput-root MuiInput-underline MuiInputBase-root MuiInputBase-colorPrimary MuiInputBase-fullWidth MuiInputBase-formControl css-1nkheju-MuiInputBase-root-MuiInput-root"
                        variant="standard"
                      >
                        <div
                          aria-expanded="false"
                          aria-haspopup="listbox"
                          aria-labelledby="ofstedRating-label ofstedRating"
                          class="MuiSelect-select MuiSelect-standard MuiInput-input MuiInputBase-input css-1rxz5jq-MuiSelect-select-MuiInputBase-input-MuiInput-input"
                          id="ofstedRating"
                          role="button"
                          tabindex="0"
                        >
                          Inadequate
                        </div>
                        <input
                          aria-hidden="true"
                          class="MuiSelect-nativeInput css-yf8vq0-MuiSelect-nativeInput"
                          tabindex="-1"
                          value="INADEQUATE"
                        />
                        <svg
                          aria-hidden="true"
                          class="MuiSvgIcon-root MuiSvgIcon-fontSizeMedium MuiSelect-icon MuiSelect-iconStandard css-pqjvzy-MuiSvgIcon-root-MuiSelect-icon"
                          data-testid="ArrowDropDownIcon"
                          focusable="false"
                          viewBox="0 0 24 24"
                        >
                          <path
                            d="M7 10l5 5 5-5z"
                          />
                        </svg>
                      </div>
                    </div>
                  </div>
                  <div
                    class="MuiGrid-root MuiGrid-item MuiGrid-grid-md-6 css-myzee5-MuiGrid-root"
                  >
                    <div
                      class="MuiFormControl-root MuiFormControl-fullWidth MuiTextField-root css-5j85sx-MuiFormControl-root-MuiTextField-root"
                    >
                      <label
                        class="MuiInputLabel-root MuiInputLabel-formControl MuiInputLabel-animated MuiInputLabel-shrink MuiInputLabel-standard MuiFormLabel-root MuiFormLabel-colorPrimary MuiFormLabel-filled css-rl2i38-MuiFormLabel-root-MuiInputLabel-root"
                        data-shrink="true"
                        for="mui-1"
                        id="mui-1-label"
                      >
                        Ofsted last inspection
                      </label>
                      <div
                        class="MuiInput-root MuiInput-underline MuiInputBase-root MuiInputBase-colorPrimary MuiInputBase-fullWidth MuiInputBase-formControl css-1nkheju-MuiInputBase-root-MuiInput-root"
                      >
                        <input
                          aria-invalid="false"
                          aria-label="Choose date, selected date is Jan 1, 2022"
                          aria-readonly="true"
                          class="MuiInput-input MuiInputBase-input css-1x51dt5-MuiInputBase-input-MuiInput-input"
                          id="mui-1"
                          readonly=""
                          type="text"
                          value="01/01/2022"
                        />
                      </div>
                    </div>
                  </div>
                </div>
              </div>
              <h6
                class="MuiTypography-root MuiTypography-subtitle2 css-1acxqn0-MuiTypography-root"
              >
                Organisation address
              </h6>
              <div
                class="MuiBox-root css-12dktrg"
              >
                <div
                  class="MuiBox-root css-i3pbo"
                >
                  <div
                    class="MuiFormControl-root MuiFormControl-fullWidth MuiTextField-root css-5j85sx-MuiFormControl-root-MuiTextField-root"
                  >
                    <label
                      class="MuiInputLabel-root MuiInputLabel-formControl MuiInputLabel-animated MuiInputLabel-standard MuiFormLabel-root MuiFormLabel-colorPrimary css-1n83x2o-MuiFormLabel-root-MuiInputLabel-root"
                      data-shrink="false"
                      for="line1"
                      id="line1-label"
                    >
                      Line 1
                    </label>
                    <div
                      class="MuiInput-root MuiInput-underline MuiInputBase-root MuiInputBase-colorPrimary MuiInputBase-fullWidth MuiInputBase-formControl css-1nkheju-MuiInputBase-root-MuiInput-root"
                    >
                      <input
                        aria-invalid="false"
                        class="MuiInput-input MuiInputBase-input css-1x51dt5-MuiInputBase-input-MuiInput-input"
                        data-testid="line1"
                        id="line1"
                        name="line1"
                        type="text"
                        value=""
                      />
                    </div>
                  </div>
                </div>
                <div
                  class="MuiBox-root css-i3pbo"
                >
                  <div
                    class="MuiFormControl-root MuiFormControl-fullWidth MuiTextField-root css-5j85sx-MuiFormControl-root-MuiTextField-root"
                  >
                    <label
                      class="MuiInputLabel-root MuiInputLabel-formControl MuiInputLabel-animated MuiInputLabel-standard MuiFormLabel-root MuiFormLabel-colorPrimary css-1n83x2o-MuiFormLabel-root-MuiInputLabel-root"
                      data-shrink="false"
                      for="line2"
                      id="line2-label"
                    >
                      Line 2
                    </label>
                    <div
                      class="MuiInput-root MuiInput-underline MuiInputBase-root MuiInputBase-colorPrimary MuiInputBase-fullWidth MuiInputBase-formControl css-1nkheju-MuiInputBase-root-MuiInput-root"
                    >
                      <input
                        aria-invalid="false"
                        class="MuiInput-input MuiInputBase-input css-1x51dt5-MuiInputBase-input-MuiInput-input"
                        data-testid="line2"
                        id="line2"
                        name="line2"
                        type="text"
                        value=""
                      />
                    </div>
                  </div>
                </div>
                <div
                  class="MuiBox-root css-i3pbo"
                >
                  <div
                    class="MuiFormControl-root MuiFormControl-fullWidth MuiTextField-root css-5j85sx-MuiFormControl-root-MuiTextField-root"
                  >
                    <label
                      class="MuiInputLabel-root MuiInputLabel-formControl MuiInputLabel-animated MuiInputLabel-standard MuiFormLabel-root MuiFormLabel-colorPrimary css-1n83x2o-MuiFormLabel-root-MuiInputLabel-root"
                      data-shrink="false"
                      for="city"
                      id="city-label"
                    >
                      City
                    </label>
                    <div
                      class="MuiInput-root MuiInput-underline MuiInputBase-root MuiInputBase-colorPrimary MuiInputBase-fullWidth MuiInputBase-formControl css-1nkheju-MuiInputBase-root-MuiInput-root"
                    >
                      <input
                        aria-invalid="false"
                        class="MuiInput-input MuiInputBase-input css-1x51dt5-MuiInputBase-input-MuiInput-input"
                        data-testid="city"
                        id="city"
                        name="city"
                        type="text"
                        value=""
                      />
                    </div>
                  </div>
                </div>
                <div
                  class="MuiBox-root css-i3pbo"
                >
                  <div
                    class="MuiFormControl-root MuiFormControl-fullWidth MuiTextField-root css-5j85sx-MuiFormControl-root-MuiTextField-root"
                  >
                    <label
                      class="MuiInputLabel-root MuiInputLabel-formControl MuiInputLabel-animated MuiInputLabel-standard MuiFormLabel-root MuiFormLabel-colorPrimary css-1n83x2o-MuiFormLabel-root-MuiInputLabel-root"
                      data-shrink="false"
                      for="country"
                      id="country-label"
                    >
                      Country
                    </label>
                    <div
                      class="MuiInput-root MuiInput-underline MuiInputBase-root MuiInputBase-colorPrimary MuiInputBase-fullWidth MuiInputBase-formControl css-1nkheju-MuiInputBase-root-MuiInput-root"
                    >
                      <input
                        aria-invalid="false"
                        class="MuiInput-input MuiInputBase-input css-1x51dt5-MuiInputBase-input-MuiInput-input"
                        data-testid="country"
                        id="country"
                        name="country"
                        type="text"
                        value=""
                      />
                    </div>
                  </div>
                </div>
                <div
                  class="MuiBox-root css-i3pbo"
                >
                  <div
                    class="MuiFormControl-root MuiFormControl-fullWidth MuiTextField-root css-5j85sx-MuiFormControl-root-MuiTextField-root"
                  >
                    <label
                      class="MuiInputLabel-root MuiInputLabel-formControl MuiInputLabel-animated MuiInputLabel-standard MuiFormLabel-root MuiFormLabel-colorPrimary css-1n83x2o-MuiFormLabel-root-MuiInputLabel-root"
                      data-shrink="false"
                      for="postCode"
                      id="postCode-label"
                    >
                      Post code
                    </label>
                    <div
                      class="MuiInput-root MuiInput-underline MuiInputBase-root MuiInputBase-colorPrimary MuiInputBase-fullWidth MuiInputBase-formControl css-1nkheju-MuiInputBase-root-MuiInput-root"
                    >
                      <input
                        aria-invalid="false"
                        class="MuiInput-input MuiInputBase-input css-1x51dt5-MuiInputBase-input-MuiInput-input"
                        data-testid="postCode"
                        id="postCode"
                        name="postCode"
                        type="text"
                        value=""
                      />
                    </div>
                  </div>
                </div>
              </div>
              <h6
                class="MuiTypography-root MuiTypography-subtitle2 css-1acxqn0-MuiTypography-root"
              >
                Additional details (optional)
              </h6>
              <div
                class="MuiBox-root css-12dktrg"
              >
                <div
                  class="MuiGrid-root MuiGrid-container MuiGrid-spacing-xs-3 css-18lu0av-MuiGrid-root"
                >
                  <div
                    class="MuiGrid-root MuiGrid-item MuiGrid-grid-md-6 css-myzee5-MuiGrid-root"
                  >
                    <div
                      class="MuiFormControl-root MuiFormControl-fullWidth MuiTextField-root css-5j85sx-MuiFormControl-root-MuiTextField-root"
                    >
                      <label
                        class="MuiInputLabel-root MuiInputLabel-formControl MuiInputLabel-animated MuiInputLabel-standard MuiFormLabel-root MuiFormLabel-colorPrimary css-1n83x2o-MuiFormLabel-root-MuiInputLabel-root"
                        data-shrink="false"
                        for="headFirstName"
                        id="headFirstName-label"
                      >
                        Head first name (optional)
                      </label>
                      <div
                        class="MuiInput-root MuiInput-underline MuiInputBase-root MuiInputBase-colorPrimary MuiInputBase-fullWidth MuiInputBase-formControl css-1nkheju-MuiInputBase-root-MuiInput-root"
                      >
                        <input
                          aria-invalid="false"
                          class="MuiInput-input MuiInputBase-input css-1x51dt5-MuiInputBase-input-MuiInput-input"
                          data-testid="head-first-name"
                          id="headFirstName"
                          name="headFirstName"
                          type="text"
                          value=""
                        />
                      </div>
                    </div>
                  </div>
                  <div
                    class="MuiGrid-root MuiGrid-item MuiGrid-grid-md-6 css-myzee5-MuiGrid-root"
                  >
                    <div
                      class="MuiFormControl-root MuiFormControl-fullWidth MuiTextField-root css-5j85sx-MuiFormControl-root-MuiTextField-root"
                    >
                      <label
                        class="MuiInputLabel-root MuiInputLabel-formControl MuiInputLabel-animated MuiInputLabel-standard MuiFormLabel-root MuiFormLabel-colorPrimary css-1n83x2o-MuiFormLabel-root-MuiInputLabel-root"
                        data-shrink="false"
                        for="headLastName"
                        id="headLastName-label"
                      >
                        Head last name (optional)
                      </label>
                      <div
                        class="MuiInput-root MuiInput-underline MuiInputBase-root MuiInputBase-colorPrimary MuiInputBase-fullWidth MuiInputBase-formControl css-1nkheju-MuiInputBase-root-MuiInput-root"
                      >
                        <input
                          aria-invalid="false"
                          class="MuiInput-input MuiInputBase-input css-1x51dt5-MuiInputBase-input-MuiInput-input"
                          data-testid="head-last-name"
                          id="headLastName"
                          name="headLastName"
                          type="text"
                          value=""
                        />
                      </div>
                    </div>
                  </div>
                </div>
                <div
                  class="MuiBox-root css-i3pbo"
                >
                  <div
                    class="MuiFormControl-root MuiFormControl-fullWidth MuiTextField-root css-5j85sx-MuiFormControl-root-MuiTextField-root"
                  >
                    <label
                      class="MuiInputLabel-root MuiInputLabel-formControl MuiInputLabel-animated MuiInputLabel-standard MuiFormLabel-root MuiFormLabel-colorPrimary css-1n83x2o-MuiFormLabel-root-MuiInputLabel-root"
                      data-shrink="false"
                      for="headTitle"
                      id="headTitle-label"
                    >
                      Head title (optional)
                    </label>
                    <div
                      class="MuiInput-root MuiInput-underline MuiInputBase-root MuiInputBase-colorPrimary MuiInputBase-fullWidth MuiInputBase-formControl css-1nkheju-MuiInputBase-root-MuiInput-root"
                    >
                      <input
                        aria-invalid="false"
                        class="MuiInput-input MuiInputBase-input css-1x51dt5-MuiInputBase-input-MuiInput-input"
                        data-testid="head-title"
                        id="headTitle"
                        name="headTitle"
                        type="text"
                        value=""
                      />
                    </div>
                  </div>
                </div>
                <div
                  class="MuiBox-root css-i3pbo"
                >
                  <div
                    class="MuiFormControl-root MuiFormControl-fullWidth MuiTextField-root css-5j85sx-MuiFormControl-root-MuiTextField-root"
                  >
                    <label
                      class="MuiInputLabel-root MuiInputLabel-formControl MuiInputLabel-animated MuiInputLabel-standard MuiFormLabel-root MuiFormLabel-colorPrimary css-1n83x2o-MuiFormLabel-root-MuiInputLabel-root"
                      data-shrink="false"
                      for="headPreferredJobTitle"
                      id="headPreferredJobTitle-label"
                    >
                      Head preferred job title (optional)
                    </label>
                    <div
                      class="MuiInput-root MuiInput-underline MuiInputBase-root MuiInputBase-colorPrimary MuiInputBase-fullWidth MuiInputBase-formControl css-1nkheju-MuiInputBase-root-MuiInput-root"
                    >
                      <input
                        aria-invalid="false"
                        class="MuiInput-input MuiInputBase-input css-1x51dt5-MuiInputBase-input-MuiInput-input"
                        data-testid="head-preferred-job-title"
                        id="headPreferredJobTitle"
                        name="headPreferredJobTitle"
                        type="text"
                        value=""
                      />
                    </div>
                  </div>
                </div>
                <div
                  class="MuiBox-root css-i3pbo"
                >
                  <div
                    class="MuiFormControl-root MuiFormControl-fullWidth MuiTextField-root css-5j85sx-MuiFormControl-root-MuiTextField-root"
                  >
                    <label
                      class="MuiInputLabel-root MuiInputLabel-formControl MuiInputLabel-animated MuiInputLabel-standard MuiFormLabel-root MuiFormLabel-colorPrimary css-1n83x2o-MuiFormLabel-root-MuiInputLabel-root"
                      data-shrink="false"
                      for="website"
                      id="website-label"
                    >
                      Organisation website (optional)
                    </label>
                    <div
                      class="MuiInput-root MuiInput-underline MuiInputBase-root MuiInputBase-colorPrimary MuiInputBase-fullWidth MuiInputBase-formControl css-1nkheju-MuiInputBase-root-MuiInput-root"
                    >
                      <input
                        aria-invalid="false"
                        class="MuiInput-input MuiInputBase-input css-1x51dt5-MuiInputBase-input-MuiInput-input"
                        data-testid="website"
                        id="website"
                        name="website"
                        type="text"
                        value=""
                      />
                    </div>
                  </div>
                </div>
              </div>
              <div
                class="MuiBox-root css-1911tj8"
              >
                <a
                  class="MuiButton-root MuiButton-outlined MuiButton-outlinedPrimary MuiButton-sizeMedium MuiButton-outlinedSizeMedium MuiButtonBase-root  css-tf3g5z-MuiButtonBase-root-MuiButton-root"
                  href="/?tab=DETAILS"
                  tabindex="0"
                >
                  Cancel
                  <span
                    class="MuiTouchRipple-root css-8je8zh-MuiTouchRipple-root"
                  />
                </a>
                <button
                  class="MuiLoadingButton-root MuiButton-root MuiButton-contained MuiButton-containedPrimary MuiButton-sizeMedium MuiButton-containedSizeMedium MuiButtonBase-root css-gl2lcj-MuiButtonBase-root-MuiButton-root-MuiLoadingButton-root"
                  id="mui-3"
                  tabindex="0"
                  type="submit"
                >
                  Save Changes
                  <span
                    class="MuiTouchRipple-root css-8je8zh-MuiTouchRipple-root"
                  />
                </button>
              </div>
            </form>
          </div>
        </div>
      </div>
    </div>
  </body>,
  "container": <div>
    <div
      class="MuiBox-root css-843yvh"
    >
      <div
        class="MuiContainer-root MuiContainer-maxWidthLg css-d0javd-MuiContainer-root"
      >
        <div
          class="MuiGrid-root MuiGrid-container css-11lq3yg-MuiGrid-root"
        >
          <div
            class="MuiGrid-root MuiGrid-item MuiGrid-grid-md-4 css-1baux17-MuiGrid-root"
          >
            <h2
              class="MuiTypography-root MuiTypography-h2 css-1z1222q-MuiTypography-root"
            >
              Please complete your organisation profile
            </h2>
          </div>
          <form
            autocomplete="off"
            class="MuiGrid-root MuiGrid-item MuiGrid-grid-md-8 css-15q1e62-MuiGrid-root"
            data-testid="EditOrgForm"
            novalidate=""
          >
            <h6
              class="MuiTypography-root MuiTypography-subtitle2 css-1acxqn0-MuiTypography-root"
            >
              Organisation Details
            </h6>
            <div
              class="MuiBox-root css-12dktrg"
            >
              <div
                class="MuiBox-root css-i3pbo"
              >
                <div
                  class="MuiFormControl-root MuiFormControl-fullWidth MuiTextField-root css-5j85sx-MuiFormControl-root-MuiTextField-root"
                >
                  <label
                    class="MuiInputLabel-root MuiInputLabel-formControl MuiInputLabel-animated MuiInputLabel-standard MuiFormLabel-root MuiFormLabel-colorPrimary Mui-required css-1n83x2o-MuiFormLabel-root-MuiInputLabel-root"
                    data-shrink="false"
                    for="orgName"
                    id="orgName-label"
                  >
                    Organisation name
                    <span
                      aria-hidden="true"
                      class="MuiInputLabel-asterisk MuiFormLabel-asterisk css-aihfuz-MuiFormLabel-asterisk"
                    >
                       
                      *
                    </span>
                  </label>
                  <div
                    class="MuiInput-root MuiInput-underline MuiInputBase-root MuiInputBase-colorPrimary MuiInputBase-fullWidth MuiInputBase-formControl css-1nkheju-MuiInputBase-root-MuiInput-root"
                  >
                    <input
                      aria-invalid="false"
                      class="MuiInput-input MuiInputBase-input css-1x51dt5-MuiInputBase-input-MuiInput-input"
                      data-testid="org-name"
                      id="orgName"
                      name="orgName"
                      required=""
                      type="text"
                      value=""
                    />
                  </div>
                </div>
              </div>
              <div
                class="MuiBox-root css-i3pbo"
              >
                <div
                  class="MuiFormControl-root MuiFormControl-fullWidth MuiTextField-root css-5j85sx-MuiFormControl-root-MuiTextField-root"
                >
                  <label
                    class="MuiInputLabel-root MuiInputLabel-formControl MuiInputLabel-animated MuiInputLabel-shrink MuiInputLabel-standard MuiFormLabel-root MuiFormLabel-colorPrimary MuiFormLabel-filled css-rl2i38-MuiFormLabel-root-MuiInputLabel-root"
                    data-shrink="true"
                    for="trustType"
                    id="trustType-label"
                  >
                    Trust type
                  </label>
                  <div
                    class="MuiInput-root MuiInput-underline MuiInputBase-root MuiInputBase-colorPrimary MuiInputBase-fullWidth MuiInputBase-formControl css-1nkheju-MuiInputBase-root-MuiInput-root"
                    variant="standard"
                  >
                    <div
                      aria-expanded="false"
                      aria-haspopup="listbox"
                      aria-labelledby="trustType-label trustType"
                      class="MuiSelect-select MuiSelect-standard MuiInput-input MuiInputBase-input css-1rxz5jq-MuiSelect-select-MuiInputBase-input-MuiInput-input"
                      id="trustType"
                      role="button"
                      tabindex="0"
                    >
                      Not applicable
                    </div>
                    <input
                      aria-hidden="true"
                      class="MuiSelect-nativeInput css-yf8vq0-MuiSelect-nativeInput"
                      data-testid="trust-type"
                      tabindex="-1"
                      value="NOT_APPLICABLE"
                    />
                    <svg
                      aria-hidden="true"
                      class="MuiSvgIcon-root MuiSvgIcon-fontSizeMedium MuiSelect-icon MuiSelect-iconStandard css-pqjvzy-MuiSvgIcon-root-MuiSelect-icon"
                      data-testid="ArrowDropDownIcon"
                      focusable="false"
                      viewBox="0 0 24 24"
                    >
                      <path
                        d="M7 10l5 5 5-5z"
                      />
                    </svg>
                  </div>
                </div>
              </div>
              <div
                class="MuiBox-root css-i3pbo"
              >
                <div
                  class="MuiFormControl-root MuiFormControl-fullWidth MuiTextField-root css-5j85sx-MuiFormControl-root-MuiTextField-root"
                >
                  <label
                    class="MuiInputLabel-root MuiInputLabel-formControl MuiInputLabel-animated MuiInputLabel-standard MuiFormLabel-root MuiFormLabel-colorPrimary css-1n83x2o-MuiFormLabel-root-MuiInputLabel-root"
                    data-shrink="false"
                    for="trustName"
                    id="trustName-label"
                  >
                    Trust name
                  </label>
                  <div
                    class="MuiInput-root MuiInput-underline MuiInputBase-root MuiInputBase-colorPrimary MuiInputBase-fullWidth MuiInputBase-formControl css-1nkheju-MuiInputBase-root-MuiInput-root"
                  >
                    <input
                      aria-invalid="false"
                      class="MuiInput-input MuiInputBase-input css-1x51dt5-MuiInputBase-input-MuiInput-input"
                      data-testid="trust-name"
                      id="trustName"
                      name="trustName"
                      type="text"
                      value=""
                    />
                  </div>
                </div>
              </div>
              <div
                class="MuiBox-root css-i3pbo"
              >
                <div
                  class="MuiFormControl-root MuiFormControl-fullWidth MuiTextField-root css-5j85sx-MuiFormControl-root-MuiTextField-root"
                >
                  <label
                    class="MuiInputLabel-root MuiInputLabel-formControl MuiInputLabel-animated MuiInputLabel-standard MuiFormLabel-root MuiFormLabel-colorPrimary css-1n83x2o-MuiFormLabel-root-MuiInputLabel-root"
                    data-shrink="false"
                    for="orgEmail"
                    id="orgEmail-label"
                  >
                    Organisation email
                  </label>
                  <div
                    class="MuiInput-root MuiInput-underline MuiInputBase-root MuiInputBase-colorPrimary MuiInputBase-fullWidth MuiInputBase-formControl css-1nkheju-MuiInputBase-root-MuiInput-root"
                  >
                    <input
                      aria-invalid="false"
                      class="MuiInput-input MuiInputBase-input css-1x51dt5-MuiInputBase-input-MuiInput-input"
                      data-testid="org-email"
                      id="orgEmail"
                      name="orgEmail"
                      type="text"
                      value=""
                    />
                  </div>
                </div>
              </div>
              <div
                class="MuiBox-root css-i3pbo"
              >
                <div
                  class="MuiFormControl-root MuiFormControl-fullWidth MuiTextField-root css-5j85sx-MuiFormControl-root-MuiTextField-root"
                >
                  <label
                    class="MuiInputLabel-root MuiInputLabel-formControl MuiInputLabel-animated MuiInputLabel-standard MuiFormLabel-root MuiFormLabel-colorPrimary css-1n83x2o-MuiFormLabel-root-MuiInputLabel-root"
                    data-shrink="false"
                    for="orgPhone"
                    id="orgPhone-label"
                  >
                    Organisation phone
                  </label>
                  <div
                    class="MuiInput-root MuiInput-underline MuiInputBase-root MuiInputBase-colorPrimary MuiInputBase-fullWidth MuiInputBase-formControl css-1nkheju-MuiInputBase-root-MuiInput-root"
                  >
                    <input
                      aria-invalid="false"
                      class="MuiInput-input MuiInputBase-input css-1x51dt5-MuiInputBase-input-MuiInput-input"
                      data-testid="org-phone"
                      id="orgPhone"
                      name="orgPhone"
                      type="text"
                      value=""
                    />
                  </div>
                </div>
              </div>
              <div
                class="MuiGrid-root MuiGrid-container MuiGrid-spacing-xs-3 css-18lu0av-MuiGrid-root"
              >
                <div
                  class="MuiGrid-root MuiGrid-item MuiGrid-grid-md-6 css-myzee5-MuiGrid-root"
                >
                  <div
                    class="MuiFormControl-root MuiFormControl-fullWidth MuiTextField-root css-5j85sx-MuiFormControl-root-MuiTextField-root"
                  >
                    <label
                      class="MuiInputLabel-root MuiInputLabel-formControl MuiInputLabel-animated MuiInputLabel-standard MuiFormLabel-root MuiFormLabel-colorPrimary css-1n83x2o-MuiFormLabel-root-MuiInputLabel-root"
                      data-shrink="false"
                      for="sector"
                      id="sector-label"
                    >
                      Sector
                    </label>
                    <div
                      class="MuiInput-root MuiInput-underline MuiInputBase-root MuiInputBase-colorPrimary MuiInputBase-fullWidth MuiInputBase-formControl css-1nkheju-MuiInputBase-root-MuiInput-root"
                    >
                      <input
                        aria-invalid="false"
                        class="MuiInput-input MuiInputBase-input css-1x51dt5-MuiInputBase-input-MuiInput-input"
                        data-testid="sector"
                        id="sector"
                        name="sector"
                        type="text"
                        value=""
                      />
                    </div>
                  </div>
                </div>
                <div
                  class="MuiGrid-root MuiGrid-item MuiGrid-grid-md-6 css-myzee5-MuiGrid-root"
                >
                  <div
                    class="MuiFormControl-root MuiFormControl-fullWidth MuiTextField-root css-5j85sx-MuiFormControl-root-MuiTextField-root"
                  >
                    <label
                      class="MuiInputLabel-root MuiInputLabel-formControl MuiInputLabel-animated MuiInputLabel-standard MuiFormLabel-root MuiFormLabel-colorPrimary css-1n83x2o-MuiFormLabel-root-MuiInputLabel-root"
                      data-shrink="false"
                      for="localAuthority"
                      id="localAuthority-label"
                    >
                      Local authority
                    </label>
                    <div
                      class="MuiInput-root MuiInput-underline MuiInputBase-root MuiInputBase-colorPrimary MuiInputBase-fullWidth MuiInputBase-formControl css-1nkheju-MuiInputBase-root-MuiInput-root"
                    >
                      <input
                        aria-invalid="false"
                        class="MuiInput-input MuiInputBase-input css-1x51dt5-MuiInputBase-input-MuiInput-input"
                        data-testid="local-authority"
                        id="localAuthority"
                        name="localAuthority"
                        type="text"
                        value=""
                      />
                    </div>
                  </div>
                </div>
              </div>
              <div
                class="MuiGrid-root MuiGrid-container MuiGrid-spacing-xs-3 css-18lu0av-MuiGrid-root"
              >
                <div
                  class="MuiGrid-root MuiGrid-item MuiGrid-grid-md-6 css-myzee5-MuiGrid-root"
                >
                  <div
                    class="MuiFormControl-root MuiFormControl-fullWidth MuiTextField-root css-5j85sx-MuiFormControl-root-MuiTextField-root"
                    data-testid="ofsted-rating-select"
                  >
                    <label
                      class="MuiInputLabel-root MuiInputLabel-formControl MuiInputLabel-animated MuiInputLabel-shrink MuiInputLabel-standard MuiFormLabel-root MuiFormLabel-colorPrimary MuiFormLabel-filled css-rl2i38-MuiFormLabel-root-MuiInputLabel-root"
                      data-shrink="true"
                      for="ofstedRating"
                      id="ofstedRating-label"
                    >
                      Ofsted rating
                    </label>
                    <div
                      class="MuiInput-root MuiInput-underline MuiInputBase-root MuiInputBase-colorPrimary MuiInputBase-fullWidth MuiInputBase-formControl css-1nkheju-MuiInputBase-root-MuiInput-root"
                      variant="standard"
                    >
                      <div
                        aria-expanded="false"
                        aria-haspopup="listbox"
                        aria-labelledby="ofstedRating-label ofstedRating"
                        class="MuiSelect-select MuiSelect-standard MuiInput-input MuiInputBase-input css-1rxz5jq-MuiSelect-select-MuiInputBase-input-MuiInput-input"
                        id="ofstedRating"
                        role="button"
                        tabindex="0"
                      >
                        Inadequate
                      </div>
                      <input
                        aria-hidden="true"
                        class="MuiSelect-nativeInput css-yf8vq0-MuiSelect-nativeInput"
                        tabindex="-1"
                        value="INADEQUATE"
                      />
                      <svg
                        aria-hidden="true"
                        class="MuiSvgIcon-root MuiSvgIcon-fontSizeMedium MuiSelect-icon MuiSelect-iconStandard css-pqjvzy-MuiSvgIcon-root-MuiSelect-icon"
                        data-testid="ArrowDropDownIcon"
                        focusable="false"
                        viewBox="0 0 24 24"
                      >
                        <path
                          d="M7 10l5 5 5-5z"
                        />
                      </svg>
                    </div>
                  </div>
                </div>
                <div
                  class="MuiGrid-root MuiGrid-item MuiGrid-grid-md-6 css-myzee5-MuiGrid-root"
                >
                  <div
                    class="MuiFormControl-root MuiFormControl-fullWidth MuiTextField-root css-5j85sx-MuiFormControl-root-MuiTextField-root"
                  >
                    <label
                      class="MuiInputLabel-root MuiInputLabel-formControl MuiInputLabel-animated MuiInputLabel-shrink MuiInputLabel-standard MuiFormLabel-root MuiFormLabel-colorPrimary MuiFormLabel-filled css-rl2i38-MuiFormLabel-root-MuiInputLabel-root"
                      data-shrink="true"
                      for="mui-1"
                      id="mui-1-label"
                    >
                      Ofsted last inspection
                    </label>
                    <div
                      class="MuiInput-root MuiInput-underline MuiInputBase-root MuiInputBase-colorPrimary MuiInputBase-fullWidth MuiInputBase-formControl css-1nkheju-MuiInputBase-root-MuiInput-root"
                    >
                      <input
                        aria-invalid="false"
                        aria-label="Choose date, selected date is Jan 1, 2022"
                        aria-readonly="true"
                        class="MuiInput-input MuiInputBase-input css-1x51dt5-MuiInputBase-input-MuiInput-input"
                        id="mui-1"
                        readonly=""
                        type="text"
                        value="01/01/2022"
                      />
                    </div>
                  </div>
                </div>
              </div>
            </div>
            <h6
              class="MuiTypography-root MuiTypography-subtitle2 css-1acxqn0-MuiTypography-root"
            >
              Organisation address
            </h6>
            <div
              class="MuiBox-root css-12dktrg"
            >
              <div
                class="MuiBox-root css-i3pbo"
              >
                <div
                  class="MuiFormControl-root MuiFormControl-fullWidth MuiTextField-root css-5j85sx-MuiFormControl-root-MuiTextField-root"
                >
                  <label
                    class="MuiInputLabel-root MuiInputLabel-formControl MuiInputLabel-animated MuiInputLabel-standard MuiFormLabel-root MuiFormLabel-colorPrimary css-1n83x2o-MuiFormLabel-root-MuiInputLabel-root"
                    data-shrink="false"
                    for="line1"
                    id="line1-label"
                  >
                    Line 1
                  </label>
                  <div
                    class="MuiInput-root MuiInput-underline MuiInputBase-root MuiInputBase-colorPrimary MuiInputBase-fullWidth MuiInputBase-formControl css-1nkheju-MuiInputBase-root-MuiInput-root"
                  >
                    <input
                      aria-invalid="false"
                      class="MuiInput-input MuiInputBase-input css-1x51dt5-MuiInputBase-input-MuiInput-input"
                      data-testid="line1"
                      id="line1"
                      name="line1"
                      type="text"
                      value=""
                    />
                  </div>
                </div>
              </div>
              <div
                class="MuiBox-root css-i3pbo"
              >
                <div
                  class="MuiFormControl-root MuiFormControl-fullWidth MuiTextField-root css-5j85sx-MuiFormControl-root-MuiTextField-root"
                >
                  <label
                    class="MuiInputLabel-root MuiInputLabel-formControl MuiInputLabel-animated MuiInputLabel-standard MuiFormLabel-root MuiFormLabel-colorPrimary css-1n83x2o-MuiFormLabel-root-MuiInputLabel-root"
                    data-shrink="false"
                    for="line2"
                    id="line2-label"
                  >
                    Line 2
                  </label>
                  <div
                    class="MuiInput-root MuiInput-underline MuiInputBase-root MuiInputBase-colorPrimary MuiInputBase-fullWidth MuiInputBase-formControl css-1nkheju-MuiInputBase-root-MuiInput-root"
                  >
                    <input
                      aria-invalid="false"
                      class="MuiInput-input MuiInputBase-input css-1x51dt5-MuiInputBase-input-MuiInput-input"
                      data-testid="line2"
                      id="line2"
                      name="line2"
                      type="text"
                      value=""
                    />
                  </div>
                </div>
              </div>
              <div
                class="MuiBox-root css-i3pbo"
              >
                <div
                  class="MuiFormControl-root MuiFormControl-fullWidth MuiTextField-root css-5j85sx-MuiFormControl-root-MuiTextField-root"
                >
                  <label
                    class="MuiInputLabel-root MuiInputLabel-formControl MuiInputLabel-animated MuiInputLabel-standard MuiFormLabel-root MuiFormLabel-colorPrimary css-1n83x2o-MuiFormLabel-root-MuiInputLabel-root"
                    data-shrink="false"
                    for="city"
                    id="city-label"
                  >
                    City
                  </label>
                  <div
                    class="MuiInput-root MuiInput-underline MuiInputBase-root MuiInputBase-colorPrimary MuiInputBase-fullWidth MuiInputBase-formControl css-1nkheju-MuiInputBase-root-MuiInput-root"
                  >
                    <input
                      aria-invalid="false"
                      class="MuiInput-input MuiInputBase-input css-1x51dt5-MuiInputBase-input-MuiInput-input"
                      data-testid="city"
                      id="city"
                      name="city"
                      type="text"
                      value=""
                    />
                  </div>
                </div>
              </div>
              <div
                class="MuiBox-root css-i3pbo"
              >
                <div
                  class="MuiFormControl-root MuiFormControl-fullWidth MuiTextField-root css-5j85sx-MuiFormControl-root-MuiTextField-root"
                >
                  <label
                    class="MuiInputLabel-root MuiInputLabel-formControl MuiInputLabel-animated MuiInputLabel-standard MuiFormLabel-root MuiFormLabel-colorPrimary css-1n83x2o-MuiFormLabel-root-MuiInputLabel-root"
                    data-shrink="false"
                    for="country"
                    id="country-label"
                  >
                    Country
                  </label>
                  <div
                    class="MuiInput-root MuiInput-underline MuiInputBase-root MuiInputBase-colorPrimary MuiInputBase-fullWidth MuiInputBase-formControl css-1nkheju-MuiInputBase-root-MuiInput-root"
                  >
                    <input
                      aria-invalid="false"
                      class="MuiInput-input MuiInputBase-input css-1x51dt5-MuiInputBase-input-MuiInput-input"
                      data-testid="country"
                      id="country"
                      name="country"
                      type="text"
                      value=""
                    />
                  </div>
                </div>
              </div>
              <div
                class="MuiBox-root css-i3pbo"
              >
                <div
                  class="MuiFormControl-root MuiFormControl-fullWidth MuiTextField-root css-5j85sx-MuiFormControl-root-MuiTextField-root"
                >
                  <label
                    class="MuiInputLabel-root MuiInputLabel-formControl MuiInputLabel-animated MuiInputLabel-standard MuiFormLabel-root MuiFormLabel-colorPrimary css-1n83x2o-MuiFormLabel-root-MuiInputLabel-root"
                    data-shrink="false"
                    for="postCode"
                    id="postCode-label"
                  >
                    Post code
                  </label>
                  <div
                    class="MuiInput-root MuiInput-underline MuiInputBase-root MuiInputBase-colorPrimary MuiInputBase-fullWidth MuiInputBase-formControl css-1nkheju-MuiInputBase-root-MuiInput-root"
                  >
                    <input
                      aria-invalid="false"
                      class="MuiInput-input MuiInputBase-input css-1x51dt5-MuiInputBase-input-MuiInput-input"
                      data-testid="postCode"
                      id="postCode"
                      name="postCode"
                      type="text"
                      value=""
                    />
                  </div>
                </div>
              </div>
            </div>
            <h6
              class="MuiTypography-root MuiTypography-subtitle2 css-1acxqn0-MuiTypography-root"
            >
              Additional details (optional)
            </h6>
            <div
              class="MuiBox-root css-12dktrg"
            >
              <div
                class="MuiGrid-root MuiGrid-container MuiGrid-spacing-xs-3 css-18lu0av-MuiGrid-root"
              >
                <div
                  class="MuiGrid-root MuiGrid-item MuiGrid-grid-md-6 css-myzee5-MuiGrid-root"
                >
                  <div
                    class="MuiFormControl-root MuiFormControl-fullWidth MuiTextField-root css-5j85sx-MuiFormControl-root-MuiTextField-root"
                  >
                    <label
                      class="MuiInputLabel-root MuiInputLabel-formControl MuiInputLabel-animated MuiInputLabel-standard MuiFormLabel-root MuiFormLabel-colorPrimary css-1n83x2o-MuiFormLabel-root-MuiInputLabel-root"
                      data-shrink="false"
                      for="headFirstName"
                      id="headFirstName-label"
                    >
                      Head first name (optional)
                    </label>
                    <div
                      class="MuiInput-root MuiInput-underline MuiInputBase-root MuiInputBase-colorPrimary MuiInputBase-fullWidth MuiInputBase-formControl css-1nkheju-MuiInputBase-root-MuiInput-root"
                    >
                      <input
                        aria-invalid="false"
                        class="MuiInput-input MuiInputBase-input css-1x51dt5-MuiInputBase-input-MuiInput-input"
                        data-testid="head-first-name"
                        id="headFirstName"
                        name="headFirstName"
                        type="text"
                        value=""
                      />
                    </div>
                  </div>
                </div>
                <div
                  class="MuiGrid-root MuiGrid-item MuiGrid-grid-md-6 css-myzee5-MuiGrid-root"
                >
                  <div
                    class="MuiFormControl-root MuiFormControl-fullWidth MuiTextField-root css-5j85sx-MuiFormControl-root-MuiTextField-root"
                  >
                    <label
                      class="MuiInputLabel-root MuiInputLabel-formControl MuiInputLabel-animated MuiInputLabel-standard MuiFormLabel-root MuiFormLabel-colorPrimary css-1n83x2o-MuiFormLabel-root-MuiInputLabel-root"
                      data-shrink="false"
                      for="headLastName"
                      id="headLastName-label"
                    >
                      Head last name (optional)
                    </label>
                    <div
                      class="MuiInput-root MuiInput-underline MuiInputBase-root MuiInputBase-colorPrimary MuiInputBase-fullWidth MuiInputBase-formControl css-1nkheju-MuiInputBase-root-MuiInput-root"
                    >
                      <input
                        aria-invalid="false"
                        class="MuiInput-input MuiInputBase-input css-1x51dt5-MuiInputBase-input-MuiInput-input"
                        data-testid="head-last-name"
                        id="headLastName"
                        name="headLastName"
                        type="text"
                        value=""
                      />
                    </div>
                  </div>
                </div>
              </div>
              <div
                class="MuiBox-root css-i3pbo"
              >
                <div
                  class="MuiFormControl-root MuiFormControl-fullWidth MuiTextField-root css-5j85sx-MuiFormControl-root-MuiTextField-root"
                >
                  <label
                    class="MuiInputLabel-root MuiInputLabel-formControl MuiInputLabel-animated MuiInputLabel-standard MuiFormLabel-root MuiFormLabel-colorPrimary css-1n83x2o-MuiFormLabel-root-MuiInputLabel-root"
                    data-shrink="false"
                    for="headTitle"
                    id="headTitle-label"
                  >
                    Head title (optional)
                  </label>
                  <div
                    class="MuiInput-root MuiInput-underline MuiInputBase-root MuiInputBase-colorPrimary MuiInputBase-fullWidth MuiInputBase-formControl css-1nkheju-MuiInputBase-root-MuiInput-root"
                  >
                    <input
                      aria-invalid="false"
                      class="MuiInput-input MuiInputBase-input css-1x51dt5-MuiInputBase-input-MuiInput-input"
                      data-testid="head-title"
                      id="headTitle"
                      name="headTitle"
                      type="text"
                      value=""
                    />
                  </div>
                </div>
              </div>
              <div
                class="MuiBox-root css-i3pbo"
              >
                <div
                  class="MuiFormControl-root MuiFormControl-fullWidth MuiTextField-root css-5j85sx-MuiFormControl-root-MuiTextField-root"
                >
                  <label
                    class="MuiInputLabel-root MuiInputLabel-formControl MuiInputLabel-animated MuiInputLabel-standard MuiFormLabel-root MuiFormLabel-colorPrimary css-1n83x2o-MuiFormLabel-root-MuiInputLabel-root"
                    data-shrink="false"
                    for="headPreferredJobTitle"
                    id="headPreferredJobTitle-label"
                  >
                    Head preferred job title (optional)
                  </label>
                  <div
                    class="MuiInput-root MuiInput-underline MuiInputBase-root MuiInputBase-colorPrimary MuiInputBase-fullWidth MuiInputBase-formControl css-1nkheju-MuiInputBase-root-MuiInput-root"
                  >
                    <input
                      aria-invalid="false"
                      class="MuiInput-input MuiInputBase-input css-1x51dt5-MuiInputBase-input-MuiInput-input"
                      data-testid="head-preferred-job-title"
                      id="headPreferredJobTitle"
                      name="headPreferredJobTitle"
                      type="text"
                      value=""
                    />
                  </div>
                </div>
              </div>
              <div
                class="MuiBox-root css-i3pbo"
              >
                <div
                  class="MuiFormControl-root MuiFormControl-fullWidth MuiTextField-root css-5j85sx-MuiFormControl-root-MuiTextField-root"
                >
                  <label
                    class="MuiInputLabel-root MuiInputLabel-formControl MuiInputLabel-animated MuiInputLabel-standard MuiFormLabel-root MuiFormLabel-colorPrimary css-1n83x2o-MuiFormLabel-root-MuiInputLabel-root"
                    data-shrink="false"
                    for="website"
                    id="website-label"
                  >
                    Organisation website (optional)
                  </label>
                  <div
                    class="MuiInput-root MuiInput-underline MuiInputBase-root MuiInputBase-colorPrimary MuiInputBase-fullWidth MuiInputBase-formControl css-1nkheju-MuiInputBase-root-MuiInput-root"
                  >
                    <input
                      aria-invalid="false"
                      class="MuiInput-input MuiInputBase-input css-1x51dt5-MuiInputBase-input-MuiInput-input"
                      data-testid="website"
                      id="website"
                      name="website"
                      type="text"
                      value=""
                    />
                  </div>
                </div>
              </div>
            </div>
            <div
              class="MuiBox-root css-1911tj8"
            >
              <a
                class="MuiButton-root MuiButton-outlined MuiButton-outlinedPrimary MuiButton-sizeMedium MuiButton-outlinedSizeMedium MuiButtonBase-root  css-tf3g5z-MuiButtonBase-root-MuiButton-root"
                href="/?tab=DETAILS"
                tabindex="0"
              >
                Cancel
                <span
                  class="MuiTouchRipple-root css-8je8zh-MuiTouchRipple-root"
                />
              </a>
              <button
                class="MuiLoadingButton-root MuiButton-root MuiButton-contained MuiButton-containedPrimary MuiButton-sizeMedium MuiButton-containedSizeMedium MuiButtonBase-root css-gl2lcj-MuiButtonBase-root-MuiButton-root-MuiLoadingButton-root"
                id="mui-3"
                tabindex="0"
                type="submit"
              >
                Save Changes
                <span
                  class="MuiTouchRipple-root css-8je8zh-MuiTouchRipple-root"
                />
              </button>
            </div>
          </form>
        </div>
      </div>
    </div>
  </div>,
  "context": Object {
    "auth": Object {
      "activeRole": "user",
      "allowedRoles": Set {
        "user",
      },
      "changeRole": [MockFunction],
      "defaultRole": "user",
      "getJWT": [MockFunction],
      "loadProfile": [MockFunction],
      "loading": false,
      "login": [MockFunction],
      "logout": [MockFunction],
      "profile": Object {
        "addresses": Array [],
        "attributes": Array [],
        "avatar": "",
        "contactDetails": Array [],
        "createdAt": "",
        "dietaryRestrictions": null,
        "disabilities": null,
        "dob": "2002-04-06",
        "email": "john.smith@example.com",
        "familyName": "Smith",
        "fullName": "John Smith",
        "givenName": "John",
        "id": "cacb559d-b85d-5e64-b623-37252520ebda",
        "jobTitle": "Developer",
        "lastActivity": 2020-01-01T00:00:00.000Z,
        "organizations": Array [],
        "phone": "+44 1234555",
        "preferences": Array [],
        "roles": Array [
          Object {
            "role": Object {
              "id": "1",
              "name": "user",
            },
          },
        ],
        "tags": Array [],
        "title": "Mr",
        "trainer_role_types": Array [
          Object {
            "trainer_role_type": Object {
              "id": "1",
              "name": "principal",
            },
          },
        ],
        "updatedAt": "",
      },
      "reloadCurrentProfile": [MockFunction],
    },
  },
  "debug": [Function],
  "findAllByAltText": [Function],
  "findAllByDisplayValue": [Function],
  "findAllByLabelText": [Function],
  "findAllByPlaceholderText": [Function],
  "findAllByRole": [Function],
  "findAllByTestId": [Function],
  "findAllByText": [Function],
  "findAllByTitle": [Function],
  "findByAltText": [Function],
  "findByDisplayValue": [Function],
  "findByLabelText": [Function],
  "findByPlaceholderText": [Function],
  "findByRole": [Function],
  "findByTestId": [Function],
  "findByText": [Function],
  "findByTitle": [Function],
  "getAllByAltText": [Function],
  "getAllByDisplayValue": [Function],
  "getAllByLabelText": [Function],
  "getAllByPlaceholderText": [Function],
  "getAllByRole": [Function],
  "getAllByTestId": [Function],
  "getAllByText": [Function],
  "getAllByTitle": [Function],
  "getByAltText": [Function],
  "getByDisplayValue": [Function],
  "getByLabelText": [Function],
  "getByPlaceholderText": [Function],
  "getByRole": [Function],
  "getByTestId": [Function],
  "getByText": [Function],
  "getByTitle": [Function],
  "queryAllByAltText": [Function],
  "queryAllByDisplayValue": [Function],
  "queryAllByLabelText": [Function],
  "queryAllByPlaceholderText": [Function],
  "queryAllByRole": [Function],
  "queryAllByTestId": [Function],
  "queryAllByText": [Function],
  "queryAllByTitle": [Function],
  "queryByAltText": [Function],
  "queryByDisplayValue": [Function],
  "queryByLabelText": [Function],
  "queryByPlaceholderText": [Function],
  "queryByRole": [Function],
  "queryByTestId": [Function],
  "queryByText": [Function],
  "queryByTitle": [Function],
  "rerender": [Function],
  "unmount": [Function],
}
`;
