// Jest Snapshot v1, https://goo.gl/fbAQLP

exports[`CourseBookingPage matches snapshot 1`] = `
Object {
  "asFragment": [Function],
  "baseElement": <body>
    <div>
      <div
        class="MuiBox-root css-16d3e73"
      >
        <header
          class="MuiPaper-root MuiPaper-elevation MuiPaper-elevation0 MuiAppBar-root MuiAppBar-colorTransparent MuiAppBar-positionFixed mui-fixed css-1jvst5f-MuiPaper-root-MuiAppBar-root"
        >
          <div
            class="MuiToolbar-root MuiToolbar-gutters MuiToolbar-regular css-1k7giva-MuiToolbar-root"
          >
            <div
              class="MuiBox-root css-0"
            />
            <div
              class="MuiBox-root css-70qvj9"
            >
              <div
                class="MuiBox-root css-70qvj9"
              >
                <div
                  data-testid="app-logo"
                  height="48"
                  width="230"
                />
              </div>
            </div>
            <div
              class="MuiBox-root css-0"
            >
              <a
                class="MuiButton-root MuiButton-text MuiButton-textPrimary MuiButton-sizeSmall MuiButton-textSizeSmall MuiButtonBase-root  css-kboeec-MuiButtonBase-root-MuiButton-root"
                href="/verify"
                tabindex="0"
              >
                Verify
                <span
                  class="MuiTouchRipple-root css-8je8zh-MuiTouchRipple-root"
                />
              </a>
              <button
                class="MuiButton-root MuiButton-text MuiButton-textPrimary MuiButton-sizeSmall MuiButton-textSizeSmall MuiButtonBase-root  css-kboeec-MuiButtonBase-root-MuiButton-root"
                tabindex="0"
                type="button"
              >
                Logout
                <span
                  class="MuiTouchRipple-root css-8je8zh-MuiTouchRipple-root"
                />
              </button>
            </div>
          </div>
        </header>
        <div
          class="MuiContainer-root MuiContainer-maxWidthLg css-1ghz6u7-MuiContainer-root"
        >
          <div
            class="MuiBox-root css-i3jcei"
          >
            <div
              class="MuiBox-root css-1n9f69o"
            >
              <div
                class="MuiBox-root css-1swh5hj"
              >
                <div
                  class="MuiBox-root css-1r1aq4"
                >
                  <h2
                    class="MuiTypography-root MuiTypography-h2 css-e6s9bz-MuiTypography-root"
                  >
                    Book a course
                  </h2>
                  <p
                    class="MuiTypography-root MuiTypography-body1 css-g4enr8-MuiTypography-root"
                  >
                    All fields are mandatory.
                  </p>
                </div>
                <div
                  class="MuiBox-root css-0"
                  data-testid="create-course-nav"
                >
                  <div
                    class="MuiBox-root css-ndrivx"
                    data-testid="step-item-1"
                  >
                    <span
                      class="css-11yu10s"
                    >
                      <p
                        class="MuiTypography-root MuiTypography-body1 css-i4icj2-MuiTypography-root"
                      >
                        1
                      </p>
                    </span>
                    <p
                      class="MuiTypography-root MuiTypography-body1 css-yo962l-MuiTypography-root"
                    >
                      Booking details
                    </p>
                  </div>
                  <div
                    class="MuiBox-root css-ndrivx"
                    data-testid="step-item-2"
                  >
                    <span
                      class="css-xtbnfm"
                    >
                      <p
                        class="MuiTypography-root MuiTypography-body1 css-i4icj2-MuiTypography-root"
                      >
                        2
                      </p>
                    </span>
                    <p
                      class="MuiTypography-root MuiTypography-body1 css-yo962l-MuiTypography-root"
                    >
                      Review & confirm
                    </p>
                  </div>
                </div>
              </div>
            </div>
            <div
              class="MuiBox-root css-1rr4qq7"
            >
              <h6
                class="MuiTypography-root MuiTypography-subtitle1 css-saotp0-MuiTypography-root"
              >
                Order details
              </h6>
              <div
                class="MuiBox-root css-j08n2y"
              >
                <div
                  class="MuiBox-root css-nznorp"
                >
                  <div
                    class="MuiBox-root css-0"
                  >
                    <p
                      class="MuiTypography-root MuiTypography-body1 MuiTypography-gutterBottom css-10prckl-MuiTypography-root"
                    >
                      Level One - 6 Hour
                    </p>
                    <p
                      class="MuiTypography-root MuiTypography-body1 MuiTypography-gutterBottom css-15v3a2l-MuiTypography-root"
                    >
                      Wed, 19 May 2022
                    </p>
                    <p
                      class="MuiTypography-root MuiTypography-body1 MuiTypography-gutterBottom css-15v3a2l-MuiTypography-root"
                    >
                      9:30 AM-4:00 PM
                    </p>
                  </div>
                  <div
                    class="MuiBox-root css-u3ddi3"
                  >
                    <div
                      class="MuiFormControl-root MuiFormControl-fullWidth css-1rruay1-MuiFormControl-root"
                    >
                      <label
                        class="MuiInputLabel-root MuiInputLabel-formControl MuiInputLabel-animated MuiInputLabel-shrink MuiInputLabel-standard MuiFormLabel-root MuiFormLabel-colorPrimary MuiFormLabel-filled css-rl2i38-MuiFormLabel-root-MuiInputLabel-root"
                        data-shrink="true"
                        for="qty-select"
                      >
                        Quantity
                      </label>
                      <div
                        class="MuiInput-root MuiInput-underline MuiInputBase-root MuiInputBase-colorPrimary MuiInputBase-formControl MuiNativeSelect-root css-1hwg30k-MuiInputBase-root-MuiInput-root"
                      >
                        <select
                          aria-invalid="false"
                          class="MuiNativeSelect-select MuiNativeSelect-outlined MuiInput-input MuiInputBase-input css-19ygod6-MuiNativeSelect-select-MuiInputBase-input-MuiInput-input"
                          id="qty-select"
                          name="qty"
                        >
                          <option
                            value="1"
                          >
                            1
                          </option>
                          <option
                            value="2"
                          >
                            2
                          </option>
                          <option
                            value="3"
                          >
                            3
                          </option>
                        </select>
                        <svg
                          aria-hidden="true"
                          class="MuiSvgIcon-root MuiSvgIcon-fontSizeMedium MuiNativeSelect-icon MuiNativeSelect-iconOutlined css-1g12qau-MuiSvgIcon-root-MuiNativeSelect-icon"
                          data-testid="ArrowDropDownIcon"
                          focusable="false"
                          viewBox="0 0 24 24"
                        >
                          <path
                            d="M7 10l5 5 5-5z"
                          />
                        </svg>
                      </div>
                    </div>
                    <button
                      aria-label="delete"
                      class="MuiButtonBase-root MuiIconButton-root MuiIconButton-sizeMedium css-1h7flgg-MuiButtonBase-root-MuiIconButton-root"
                      tabindex="0"
                      type="button"
                    >
                      <svg
                        aria-hidden="true"
                        class="MuiSvgIcon-root MuiSvgIcon-fontSizeMedium css-i4bv87-MuiSvgIcon-root"
                        data-testid="DeleteIcon"
                        focusable="false"
                        viewBox="0 0 24 24"
                      >
                        <path
                          d="M6 19c0 1.1.9 2 2 2h8c1.1 0 2-.9 2-2V7H6v12zM19 4h-3.5l-1-1h-5l-1 1H5v2h14V4z"
                        />
                      </svg>
                      <span
                        class="MuiTouchRipple-root css-8je8zh-MuiTouchRipple-root"
                      />
                    </button>
                  </div>
                </div>
                <div
                  class="MuiBox-root css-3mllz6"
                >
                  <p
                    class="MuiTypography-root MuiTypography-body1 css-g4enr8-MuiTypography-root"
                  >
                    Subtotal
                  </p>
                  <p
                    class="MuiTypography-root MuiTypography-body1 css-g4enr8-MuiTypography-root"
                  >
                    $ 123.45
                  </p>
                </div>
                <div
                  class="MuiBox-root css-3mllz6"
                >
                  <p
                    class="MuiTypography-root MuiTypography-body1 css-g4enr8-MuiTypography-root"
                  >
                    VAT
                     (20%)
                  </p>
                  <p
                    class="MuiTypography-root MuiTypography-body1 css-g4enr8-MuiTypography-root"
                  >
                    $ 24.5
                  </p>
                </div>
                <div
                  class="MuiBox-root css-8rqcgi"
                >
                  <button
                    class="MuiButton-root MuiButton-text MuiButton-textPrimary MuiButton-sizeSmall MuiButton-textSizeSmall MuiButtonBase-root  css-1lfa84x-MuiButtonBase-root-MuiButton-root"
                    tabindex="0"
                    type="button"
                  >
                    Apply promo or voucher code
                    <span
                      class="MuiTouchRipple-root css-8je8zh-MuiTouchRipple-root"
                    />
                  </button>
                </div>
                <div
                  class="MuiBox-root css-gg4vpm"
                >
                  <p
                    class="MuiTypography-root MuiTypography-body1 css-pg6gkj-MuiTypography-root"
                  >
                    Amount due
                     (GBP)
                  </p>
                  <p
                    class="MuiTypography-root MuiTypography-body1 css-pg6gkj-MuiTypography-root"
                  >
                    $ 145.50
                  </p>
                </div>
              </div>
              <h6
                class="MuiTypography-root MuiTypography-subtitle1 css-saotp0-MuiTypography-root"
              >
                Registration
              </h6>
              <div
                class="MuiBox-root css-j08n2y"
              >
                <div
                  aria-expanded="false"
                  class="MuiAutocomplete-root css-16awh2u-MuiAutocomplete-root"
                  role="combobox"
                >
                  <div
                    class="MuiFormControl-root MuiFormControl-fullWidth MuiTextField-root css-1m0bcqz-MuiFormControl-root-MuiTextField-root"
                  >
                    <label
                      class="MuiInputLabel-root MuiInputLabel-formControl MuiInputLabel-animated MuiInputLabel-standard MuiFormLabel-root MuiFormLabel-colorPrimary css-1n83x2o-MuiFormLabel-root-MuiInputLabel-root"
                      data-shrink="false"
                      for="emails"
                      id="emails-label"
                    >
                      Enter registrant email(s)
                    </label>
                    <div
                      class="MuiInput-root MuiInput-underline MuiInputBase-root MuiInputBase-colorPrimary MuiInputBase-fullWidth MuiInputBase-formControl MuiInputBase-adornedEnd MuiAutocomplete-inputRoot css-rsxlbu-MuiInputBase-root-MuiInput-root"
                    >
                      <input
                        aria-autocomplete="list"
                        aria-invalid="false"
                        autocapitalize="none"
                        autocomplete="off"
                        class="MuiInput-input MuiInputBase-input MuiInputBase-inputAdornedEnd MuiAutocomplete-input MuiAutocomplete-inputFocused css-1bsm28j-MuiInputBase-input-MuiInput-input"
                        id="emails"
                        placeholder="Emails"
                        spellcheck="false"
                        type="text"
                        value=""
                      />
                      <div
                        class="MuiAutocomplete-endAdornment css-1q60rmi-MuiAutocomplete-endAdornment"
                      />
                    </div>
                  </div>
                </div>
                <div
                  class="MuiBox-root css-gg4vpm"
                >
                  <p
                    class="MuiFormHelperText-root css-1h4seyc-MuiFormHelperText-root"
                  >
                    0
                     / 
                    2
                  </p>
                </div>
                <div
                  class="MuiPaper-root MuiPaper-elevation MuiPaper-rounded MuiPaper-elevation0 MuiAlert-root MuiAlert-filledInfo MuiAlert-filled css-1q1d391-MuiPaper-root-MuiAlert-root"
                  role="alert"
                >
                  <div
                    class="MuiAlert-icon css-1ytlwq5-MuiAlert-icon"
                  >
                    <svg
                      aria-hidden="true"
                      class="MuiSvgIcon-root MuiSvgIcon-fontSizeInherit css-1vooibu-MuiSvgIcon-root"
                      data-testid="InfoOutlinedIcon"
                      focusable="false"
                      viewBox="0 0 24 24"
                    >
                      <path
                        d="M11,9H13V7H11M12,20C7.59,20 4,16.41 4,12C4,7.59 7.59,4 12,4C16.41,4 20,7.59 20, 12C20,16.41 16.41,20 12,20M12,2A10,10 0 0,0 2,12A10,10 0 0,0 12,22A10,10 0 0,0 22,12A10, 10 0 0,0 12,2M11,17H13V11H11V17Z"
                      />
                    </svg>
                  </div>
                  <div
                    class="MuiAlert-message css-acap47-MuiAlert-message"
                  >
                    <b>
                      Important
                      :
                    </b>
                     
                    Please make sure email(s) is entered correctly. Course registration details will be sent to email address(es).
                  </div>
                </div>
              </div>
              <h6
                class="MuiTypography-root MuiTypography-subtitle1 css-saotp0-MuiTypography-root"
              >
                Payment details
              </h6>
              <div
                class="MuiBox-root css-j08n2y"
              >
                <div
                  class="MuiFormControl-root css-18lcray-MuiFormControl-root"
                >
                  <label
                    class="MuiFormLabel-root MuiFormLabel-colorPrimary css-1s3hik4-MuiFormLabel-root"
                    id="payment-method"
                  >
                    Payment method
                  </label>
                  <div
                    aria-labelledby="payment-method"
                    class="MuiFormGroup-root css-dmmspl-MuiFormGroup-root"
                    role="radiogroup"
                  >
                    <label
                      class="MuiFormControlLabel-root MuiFormControlLabel-labelPlacementEnd css-j204z7-MuiFormControlLabel-root"
                    >
                      <span
                        class="MuiRadio-root MuiRadio-colorPrimary MuiButtonBase-root MuiRadio-root MuiRadio-colorPrimary PrivateSwitchBase-root Mui-checked css-oupz4n-MuiButtonBase-root-MuiRadio-root"
                      >
                        <input
                          checked=""
                          class="PrivateSwitchBase-input css-1m9pwf3"
                          name="controlled-radio-buttons-group"
                          type="radio"
                          value="cc"
                        />
                        <span
                          class="css-hyxlzm"
                        >
                          <svg
                            aria-hidden="true"
                            class="MuiSvgIcon-root MuiSvgIcon-fontSizeMedium css-1hbvpl3-MuiSvgIcon-root"
                            data-testid="RadioButtonUncheckedIcon"
                            focusable="false"
                            viewBox="0 0 24 24"
                          >
                            <path
                              d="M12 2C6.48 2 2 6.48 2 12s4.48 10 10 10 10-4.48 10-10S17.52 2 12 2zm0 18c-4.42 0-8-3.58-8-8s3.58-8 8-8 8 3.58 8 8-3.58 8-8 8z"
                            />
                          </svg>
                          <svg
                            aria-hidden="true"
                            class="MuiSvgIcon-root MuiSvgIcon-fontSizeMedium css-11zohuh-MuiSvgIcon-root"
                            data-testid="RadioButtonCheckedIcon"
                            focusable="false"
                            viewBox="0 0 24 24"
                          >
                            <path
                              d="M8.465 8.465C9.37 7.56 10.62 7 12 7C14.76 7 17 9.24 17 12C17 13.38 16.44 14.63 15.535 15.535C14.63 16.44 13.38 17 12 17C9.24 17 7 14.76 7 12C7 10.62 7.56 9.37 8.465 8.465Z"
                            />
                          </svg>
                        </span>
                        <span
                          class="MuiTouchRipple-root css-8je8zh-MuiTouchRipple-root"
                        />
                      </span>
                      <span
                        class="MuiTypography-root MuiTypography-body1 MuiFormControlLabel-label css-bvjatk-MuiTypography-root"
                      >
                        <div
                          class="MuiBox-root css-0"
                        >
                          <p
                            class="MuiTypography-root MuiTypography-body1 MuiTypography-gutterBottom css-1p6lqij-MuiTypography-root"
                          >
                            Pay by credit card
                          </p>
                          <p
                            class="MuiTypography-root MuiTypography-body2 css-1a3ilgy-MuiTypography-root"
                          >
                            Payment by credit card allows you to secure your registration(s) immediately. After you confirm your order you will be taken to a secure page where you can pay online.
                          </p>
                        </div>
                      </span>
                    </label>
                    <label
                      class="MuiFormControlLabel-root Mui-disabled MuiFormControlLabel-labelPlacementEnd css-j204z7-MuiFormControlLabel-root"
                    >
                      <span
                        aria-disabled="true"
                        class="MuiRadio-root MuiRadio-colorPrimary MuiButtonBase-root Mui-disabled MuiRadio-root MuiRadio-colorPrimary PrivateSwitchBase-root Mui-disabled css-oupz4n-MuiButtonBase-root-MuiRadio-root"
                        tabindex="-1"
                      >
                        <input
                          class="PrivateSwitchBase-input css-1m9pwf3"
                          disabled=""
                          name="controlled-radio-buttons-group"
                          type="radio"
                          value="invoice"
                        />
                        <span
                          class="css-hyxlzm"
                        >
                          <svg
                            aria-hidden="true"
                            class="MuiSvgIcon-root MuiSvgIcon-fontSizeMedium css-1hbvpl3-MuiSvgIcon-root"
                            data-testid="RadioButtonUncheckedIcon"
                            focusable="false"
                            viewBox="0 0 24 24"
                          >
                            <path
                              d="M12 2C6.48 2 2 6.48 2 12s4.48 10 10 10 10-4.48 10-10S17.52 2 12 2zm0 18c-4.42 0-8-3.58-8-8s3.58-8 8-8 8 3.58 8 8-3.58 8-8 8z"
                            />
                          </svg>
                          <svg
                            aria-hidden="true"
                            class="MuiSvgIcon-root MuiSvgIcon-fontSizeMedium css-1hhw7if-MuiSvgIcon-root"
                            data-testid="RadioButtonCheckedIcon"
                            focusable="false"
                            viewBox="0 0 24 24"
                          >
                            <path
                              d="M8.465 8.465C9.37 7.56 10.62 7 12 7C14.76 7 17 9.24 17 12C17 13.38 16.44 14.63 15.535 15.535C14.63 16.44 13.38 17 12 17C9.24 17 7 14.76 7 12C7 10.62 7.56 9.37 8.465 8.465Z"
                            />
                          </svg>
                        </span>
                      </span>
                      <span
                        class="MuiTypography-root MuiTypography-body1 MuiFormControlLabel-label Mui-disabled css-bvjatk-MuiTypography-root"
                      >
                        <div
                          class="MuiBox-root css-0"
                        >
                          <p
                            class="MuiTypography-root MuiTypography-body1 MuiTypography-gutterBottom css-1p6lqij-MuiTypography-root"
                          >
                            Pay by invoice
                          </p>
                          <p
                            class="MuiTypography-root MuiTypography-body2 css-1a3ilgy-MuiTypography-root"
                          >
                            An invoice will be sent to you requiring payment within 30 days.
                          </p>
                        </div>
                      </span>
                    </label>
                  </div>
                </div>
              </div>
              <div
                class="MuiBox-root css-gg4vpm"
              >
                <button
                  class="MuiButton-root MuiButton-text MuiButton-textPrimary MuiButton-sizeMedium MuiButton-textSizeMedium MuiButtonBase-root  css-174o8gv-MuiButtonBase-root-MuiButton-root"
                  tabindex="0"
                  type="button"
                >
                  Cancel
                  <span
                    class="MuiTouchRipple-root css-8je8zh-MuiTouchRipple-root"
                  />
                </button>
                <a
                  class="MuiButton-root MuiButton-contained MuiButton-containedPrimary MuiButton-sizeMedium MuiButton-containedSizeMedium MuiButtonBase-root  css-u3jo4d-MuiButtonBase-root-MuiButton-root"
                  href="/review"
                  tabindex="0"
                >
                  Review & confirm
                  <span
                    class="MuiTouchRipple-root css-8je8zh-MuiTouchRipple-root"
                  />
                </a>
              </div>
            </div>
          </div>
        </div>
      </div>
    </div>
  </body>,
  "container": <div>
    <div
      class="MuiBox-root css-16d3e73"
    >
      <header
        class="MuiPaper-root MuiPaper-elevation MuiPaper-elevation0 MuiAppBar-root MuiAppBar-colorTransparent MuiAppBar-positionFixed mui-fixed css-1jvst5f-MuiPaper-root-MuiAppBar-root"
      >
        <div
          class="MuiToolbar-root MuiToolbar-gutters MuiToolbar-regular css-1k7giva-MuiToolbar-root"
        >
          <div
            class="MuiBox-root css-0"
          />
          <div
            class="MuiBox-root css-70qvj9"
          >
            <div
              class="MuiBox-root css-70qvj9"
            >
              <div
                data-testid="app-logo"
                height="48"
                width="230"
              />
            </div>
          </div>
          <div
            class="MuiBox-root css-0"
          >
            <a
              class="MuiButton-root MuiButton-text MuiButton-textPrimary MuiButton-sizeSmall MuiButton-textSizeSmall MuiButtonBase-root  css-kboeec-MuiButtonBase-root-MuiButton-root"
              href="/verify"
              tabindex="0"
            >
              Verify
              <span
                class="MuiTouchRipple-root css-8je8zh-MuiTouchRipple-root"
              />
            </a>
            <button
              class="MuiButton-root MuiButton-text MuiButton-textPrimary MuiButton-sizeSmall MuiButton-textSizeSmall MuiButtonBase-root  css-kboeec-MuiButtonBase-root-MuiButton-root"
              tabindex="0"
              type="button"
            >
              Logout
              <span
                class="MuiTouchRipple-root css-8je8zh-MuiTouchRipple-root"
              />
            </button>
          </div>
        </div>
      </header>
      <div
        class="MuiContainer-root MuiContainer-maxWidthLg css-1ghz6u7-MuiContainer-root"
      >
        <div
          class="MuiBox-root css-i3jcei"
        >
          <div
            class="MuiBox-root css-1n9f69o"
          >
            <div
              class="MuiBox-root css-1swh5hj"
            >
              <div
                class="MuiBox-root css-1r1aq4"
              >
                <h2
                  class="MuiTypography-root MuiTypography-h2 css-e6s9bz-MuiTypography-root"
                >
                  Book a course
                </h2>
                <p
                  class="MuiTypography-root MuiTypography-body1 css-g4enr8-MuiTypography-root"
                >
                  All fields are mandatory.
                </p>
              </div>
              <div
                class="MuiBox-root css-0"
                data-testid="create-course-nav"
              >
                <div
                  class="MuiBox-root css-ndrivx"
                  data-testid="step-item-1"
                >
                  <span
                    class="css-11yu10s"
                  >
                    <p
                      class="MuiTypography-root MuiTypography-body1 css-i4icj2-MuiTypography-root"
                    >
                      1
                    </p>
                  </span>
                  <p
                    class="MuiTypography-root MuiTypography-body1 css-yo962l-MuiTypography-root"
                  >
                    Booking details
                  </p>
                </div>
                <div
                  class="MuiBox-root css-ndrivx"
                  data-testid="step-item-2"
                >
                  <span
                    class="css-xtbnfm"
                  >
                    <p
                      class="MuiTypography-root MuiTypography-body1 css-i4icj2-MuiTypography-root"
                    >
                      2
                    </p>
                  </span>
                  <p
                    class="MuiTypography-root MuiTypography-body1 css-yo962l-MuiTypography-root"
                  >
                    Review & confirm
                  </p>
                </div>
              </div>
            </div>
          </div>
          <div
            class="MuiBox-root css-1rr4qq7"
          >
            <h6
              class="MuiTypography-root MuiTypography-subtitle1 css-saotp0-MuiTypography-root"
            >
              Order details
            </h6>
            <div
              class="MuiBox-root css-j08n2y"
            >
              <div
                class="MuiBox-root css-nznorp"
              >
                <div
                  class="MuiBox-root css-0"
                >
                  <p
                    class="MuiTypography-root MuiTypography-body1 MuiTypography-gutterBottom css-10prckl-MuiTypography-root"
                  >
                    Level One - 6 Hour
                  </p>
                  <p
                    class="MuiTypography-root MuiTypography-body1 MuiTypography-gutterBottom css-15v3a2l-MuiTypography-root"
                  >
                    Wed, 19 May 2022
                  </p>
                  <p
                    class="MuiTypography-root MuiTypography-body1 MuiTypography-gutterBottom css-15v3a2l-MuiTypography-root"
                  >
                    9:30 AM-4:00 PM
                  </p>
                </div>
                <div
                  class="MuiBox-root css-u3ddi3"
                >
                  <div
                    class="MuiFormControl-root MuiFormControl-fullWidth css-1rruay1-MuiFormControl-root"
                  >
                    <label
                      class="MuiInputLabel-root MuiInputLabel-formControl MuiInputLabel-animated MuiInputLabel-shrink MuiInputLabel-standard MuiFormLabel-root MuiFormLabel-colorPrimary MuiFormLabel-filled css-rl2i38-MuiFormLabel-root-MuiInputLabel-root"
                      data-shrink="true"
                      for="qty-select"
                    >
                      Quantity
                    </label>
                    <div
                      class="MuiInput-root MuiInput-underline MuiInputBase-root MuiInputBase-colorPrimary MuiInputBase-formControl MuiNativeSelect-root css-1hwg30k-MuiInputBase-root-MuiInput-root"
                    >
                      <select
                        aria-invalid="false"
                        class="MuiNativeSelect-select MuiNativeSelect-outlined MuiInput-input MuiInputBase-input css-19ygod6-MuiNativeSelect-select-MuiInputBase-input-MuiInput-input"
                        id="qty-select"
                        name="qty"
                      >
                        <option
                          value="1"
                        >
                          1
                        </option>
                        <option
                          value="2"
                        >
                          2
                        </option>
                        <option
                          value="3"
                        >
                          3
                        </option>
                      </select>
                      <svg
                        aria-hidden="true"
                        class="MuiSvgIcon-root MuiSvgIcon-fontSizeMedium MuiNativeSelect-icon MuiNativeSelect-iconOutlined css-1g12qau-MuiSvgIcon-root-MuiNativeSelect-icon"
                        data-testid="ArrowDropDownIcon"
                        focusable="false"
                        viewBox="0 0 24 24"
                      >
                        <path
                          d="M7 10l5 5 5-5z"
                        />
                      </svg>
                    </div>
                  </div>
                  <button
                    aria-label="delete"
                    class="MuiButtonBase-root MuiIconButton-root MuiIconButton-sizeMedium css-1h7flgg-MuiButtonBase-root-MuiIconButton-root"
                    tabindex="0"
                    type="button"
                  >
                    <svg
                      aria-hidden="true"
                      class="MuiSvgIcon-root MuiSvgIcon-fontSizeMedium css-i4bv87-MuiSvgIcon-root"
                      data-testid="DeleteIcon"
                      focusable="false"
                      viewBox="0 0 24 24"
                    >
                      <path
                        d="M6 19c0 1.1.9 2 2 2h8c1.1 0 2-.9 2-2V7H6v12zM19 4h-3.5l-1-1h-5l-1 1H5v2h14V4z"
                      />
                    </svg>
                    <span
                      class="MuiTouchRipple-root css-8je8zh-MuiTouchRipple-root"
                    />
                  </button>
                </div>
              </div>
              <div
                class="MuiBox-root css-3mllz6"
              >
                <p
                  class="MuiTypography-root MuiTypography-body1 css-g4enr8-MuiTypography-root"
                >
                  Subtotal
                </p>
                <p
                  class="MuiTypography-root MuiTypography-body1 css-g4enr8-MuiTypography-root"
                >
                  $ 123.45
                </p>
              </div>
              <div
                class="MuiBox-root css-3mllz6"
              >
                <p
                  class="MuiTypography-root MuiTypography-body1 css-g4enr8-MuiTypography-root"
                >
                  VAT
                   (20%)
                </p>
                <p
                  class="MuiTypography-root MuiTypography-body1 css-g4enr8-MuiTypography-root"
                >
                  $ 24.5
                </p>
              </div>
              <div
                class="MuiBox-root css-8rqcgi"
              >
                <button
                  class="MuiButton-root MuiButton-text MuiButton-textPrimary MuiButton-sizeSmall MuiButton-textSizeSmall MuiButtonBase-root  css-1lfa84x-MuiButtonBase-root-MuiButton-root"
                  tabindex="0"
                  type="button"
                >
                  Apply promo or voucher code
                  <span
                    class="MuiTouchRipple-root css-8je8zh-MuiTouchRipple-root"
                  />
                </button>
              </div>
              <div
                class="MuiBox-root css-gg4vpm"
              >
                <p
                  class="MuiTypography-root MuiTypography-body1 css-pg6gkj-MuiTypography-root"
                >
                  Amount due
                   (GBP)
                </p>
                <p
                  class="MuiTypography-root MuiTypography-body1 css-pg6gkj-MuiTypography-root"
                >
                  $ 145.50
                </p>
              </div>
            </div>
            <h6
              class="MuiTypography-root MuiTypography-subtitle1 css-saotp0-MuiTypography-root"
            >
              Registration
            </h6>
            <div
              class="MuiBox-root css-j08n2y"
            >
              <div
                aria-expanded="false"
                class="MuiAutocomplete-root css-16awh2u-MuiAutocomplete-root"
                role="combobox"
              >
                <div
                  class="MuiFormControl-root MuiFormControl-fullWidth MuiTextField-root css-1m0bcqz-MuiFormControl-root-MuiTextField-root"
                >
                  <label
                    class="MuiInputLabel-root MuiInputLabel-formControl MuiInputLabel-animated MuiInputLabel-standard MuiFormLabel-root MuiFormLabel-colorPrimary css-1n83x2o-MuiFormLabel-root-MuiInputLabel-root"
                    data-shrink="false"
                    for="emails"
                    id="emails-label"
                  >
                    Enter registrant email(s)
                  </label>
                  <div
                    class="MuiInput-root MuiInput-underline MuiInputBase-root MuiInputBase-colorPrimary MuiInputBase-fullWidth MuiInputBase-formControl MuiInputBase-adornedEnd MuiAutocomplete-inputRoot css-rsxlbu-MuiInputBase-root-MuiInput-root"
                  >
                    <input
                      aria-autocomplete="list"
                      aria-invalid="false"
                      autocapitalize="none"
                      autocomplete="off"
                      class="MuiInput-input MuiInputBase-input MuiInputBase-inputAdornedEnd MuiAutocomplete-input MuiAutocomplete-inputFocused css-1bsm28j-MuiInputBase-input-MuiInput-input"
                      id="emails"
                      placeholder="Emails"
                      spellcheck="false"
                      type="text"
                      value=""
                    />
                    <div
                      class="MuiAutocomplete-endAdornment css-1q60rmi-MuiAutocomplete-endAdornment"
                    />
                  </div>
                </div>
              </div>
              <div
                class="MuiBox-root css-gg4vpm"
              >
                <p
                  class="MuiFormHelperText-root css-1h4seyc-MuiFormHelperText-root"
                >
                  0
                   / 
                  2
                </p>
              </div>
              <div
                class="MuiPaper-root MuiPaper-elevation MuiPaper-rounded MuiPaper-elevation0 MuiAlert-root MuiAlert-filledInfo MuiAlert-filled css-1q1d391-MuiPaper-root-MuiAlert-root"
                role="alert"
              >
                <div
                  class="MuiAlert-icon css-1ytlwq5-MuiAlert-icon"
                >
                  <svg
                    aria-hidden="true"
                    class="MuiSvgIcon-root MuiSvgIcon-fontSizeInherit css-1vooibu-MuiSvgIcon-root"
                    data-testid="InfoOutlinedIcon"
                    focusable="false"
                    viewBox="0 0 24 24"
                  >
                    <path
                      d="M11,9H13V7H11M12,20C7.59,20 4,16.41 4,12C4,7.59 7.59,4 12,4C16.41,4 20,7.59 20, 12C20,16.41 16.41,20 12,20M12,2A10,10 0 0,0 2,12A10,10 0 0,0 12,22A10,10 0 0,0 22,12A10, 10 0 0,0 12,2M11,17H13V11H11V17Z"
                    />
                  </svg>
                </div>
                <div
                  class="MuiAlert-message css-acap47-MuiAlert-message"
                >
                  <b>
                    Important
                    :
                  </b>
                   
                  Please make sure email(s) is entered correctly. Course registration details will be sent to email address(es).
                </div>
              </div>
            </div>
            <h6
              class="MuiTypography-root MuiTypography-subtitle1 css-saotp0-MuiTypography-root"
            >
              Payment details
            </h6>
            <div
              class="MuiBox-root css-j08n2y"
            >
              <div
                class="MuiFormControl-root css-18lcray-MuiFormControl-root"
              >
                <label
                  class="MuiFormLabel-root MuiFormLabel-colorPrimary css-1s3hik4-MuiFormLabel-root"
                  id="payment-method"
                >
                  Payment method
                </label>
                <div
                  aria-labelledby="payment-method"
                  class="MuiFormGroup-root css-dmmspl-MuiFormGroup-root"
                  role="radiogroup"
                >
                  <label
                    class="MuiFormControlLabel-root MuiFormControlLabel-labelPlacementEnd css-j204z7-MuiFormControlLabel-root"
                  >
                    <span
                      class="MuiRadio-root MuiRadio-colorPrimary MuiButtonBase-root MuiRadio-root MuiRadio-colorPrimary PrivateSwitchBase-root Mui-checked css-oupz4n-MuiButtonBase-root-MuiRadio-root"
                    >
                      <input
                        checked=""
                        class="PrivateSwitchBase-input css-1m9pwf3"
                        name="controlled-radio-buttons-group"
                        type="radio"
                        value="cc"
                      />
                      <span
                        class="css-hyxlzm"
                      >
                        <svg
                          aria-hidden="true"
                          class="MuiSvgIcon-root MuiSvgIcon-fontSizeMedium css-1hbvpl3-MuiSvgIcon-root"
                          data-testid="RadioButtonUncheckedIcon"
                          focusable="false"
                          viewBox="0 0 24 24"
                        >
                          <path
                            d="M12 2C6.48 2 2 6.48 2 12s4.48 10 10 10 10-4.48 10-10S17.52 2 12 2zm0 18c-4.42 0-8-3.58-8-8s3.58-8 8-8 8 3.58 8 8-3.58 8-8 8z"
                          />
                        </svg>
                        <svg
                          aria-hidden="true"
                          class="MuiSvgIcon-root MuiSvgIcon-fontSizeMedium css-11zohuh-MuiSvgIcon-root"
                          data-testid="RadioButtonCheckedIcon"
                          focusable="false"
                          viewBox="0 0 24 24"
                        >
                          <path
                            d="M8.465 8.465C9.37 7.56 10.62 7 12 7C14.76 7 17 9.24 17 12C17 13.38 16.44 14.63 15.535 15.535C14.63 16.44 13.38 17 12 17C9.24 17 7 14.76 7 12C7 10.62 7.56 9.37 8.465 8.465Z"
                          />
                        </svg>
                      </span>
                      <span
                        class="MuiTouchRipple-root css-8je8zh-MuiTouchRipple-root"
                      />
                    </span>
                    <span
                      class="MuiTypography-root MuiTypography-body1 MuiFormControlLabel-label css-bvjatk-MuiTypography-root"
                    >
                      <div
                        class="MuiBox-root css-0"
                      >
                        <p
                          class="MuiTypography-root MuiTypography-body1 MuiTypography-gutterBottom css-1p6lqij-MuiTypography-root"
                        >
                          Pay by credit card
                        </p>
                        <p
                          class="MuiTypography-root MuiTypography-body2 css-1a3ilgy-MuiTypography-root"
                        >
                          Payment by credit card allows you to secure your registration(s) immediately. After you confirm your order you will be taken to a secure page where you can pay online.
                        </p>
                      </div>
                    </span>
                  </label>
                  <label
                    class="MuiFormControlLabel-root Mui-disabled MuiFormControlLabel-labelPlacementEnd css-j204z7-MuiFormControlLabel-root"
                  >
                    <span
                      aria-disabled="true"
                      class="MuiRadio-root MuiRadio-colorPrimary MuiButtonBase-root Mui-disabled MuiRadio-root MuiRadio-colorPrimary PrivateSwitchBase-root Mui-disabled css-oupz4n-MuiButtonBase-root-MuiRadio-root"
                      tabindex="-1"
                    >
                      <input
                        class="PrivateSwitchBase-input css-1m9pwf3"
                        disabled=""
                        name="controlled-radio-buttons-group"
                        type="radio"
                        value="invoice"
                      />
                      <span
                        class="css-hyxlzm"
                      >
                        <svg
                          aria-hidden="true"
                          class="MuiSvgIcon-root MuiSvgIcon-fontSizeMedium css-1hbvpl3-MuiSvgIcon-root"
                          data-testid="RadioButtonUncheckedIcon"
                          focusable="false"
                          viewBox="0 0 24 24"
                        >
                          <path
                            d="M12 2C6.48 2 2 6.48 2 12s4.48 10 10 10 10-4.48 10-10S17.52 2 12 2zm0 18c-4.42 0-8-3.58-8-8s3.58-8 8-8 8 3.58 8 8-3.58 8-8 8z"
                          />
                        </svg>
                        <svg
                          aria-hidden="true"
                          class="MuiSvgIcon-root MuiSvgIcon-fontSizeMedium css-1hhw7if-MuiSvgIcon-root"
                          data-testid="RadioButtonCheckedIcon"
                          focusable="false"
                          viewBox="0 0 24 24"
                        >
                          <path
                            d="M8.465 8.465C9.37 7.56 10.62 7 12 7C14.76 7 17 9.24 17 12C17 13.38 16.44 14.63 15.535 15.535C14.63 16.44 13.38 17 12 17C9.24 17 7 14.76 7 12C7 10.62 7.56 9.37 8.465 8.465Z"
                          />
                        </svg>
                      </span>
                    </span>
                    <span
                      class="MuiTypography-root MuiTypography-body1 MuiFormControlLabel-label Mui-disabled css-bvjatk-MuiTypography-root"
                    >
                      <div
                        class="MuiBox-root css-0"
                      >
                        <p
                          class="MuiTypography-root MuiTypography-body1 MuiTypography-gutterBottom css-1p6lqij-MuiTypography-root"
                        >
                          Pay by invoice
                        </p>
                        <p
                          class="MuiTypography-root MuiTypography-body2 css-1a3ilgy-MuiTypography-root"
                        >
                          An invoice will be sent to you requiring payment within 30 days.
                        </p>
                      </div>
                    </span>
                  </label>
                </div>
              </div>
            </div>
            <div
              class="MuiBox-root css-gg4vpm"
            >
              <button
                class="MuiButton-root MuiButton-text MuiButton-textPrimary MuiButton-sizeMedium MuiButton-textSizeMedium MuiButtonBase-root  css-174o8gv-MuiButtonBase-root-MuiButton-root"
                tabindex="0"
                type="button"
              >
                Cancel
                <span
                  class="MuiTouchRipple-root css-8je8zh-MuiTouchRipple-root"
                />
              </button>
              <a
                class="MuiButton-root MuiButton-contained MuiButton-containedPrimary MuiButton-sizeMedium MuiButton-containedSizeMedium MuiButtonBase-root  css-u3jo4d-MuiButtonBase-root-MuiButton-root"
                href="/review"
                tabindex="0"
              >
                Review & confirm
                <span
                  class="MuiTouchRipple-root css-8je8zh-MuiTouchRipple-root"
                />
              </a>
            </div>
          </div>
        </div>
      </div>
    </div>
  </div>,
  "context": Object {
    "auth": Object {
      "activeRole": "user",
      "allowedRoles": Set {
        "user",
      },
      "changeRole": [MockFunction],
      "defaultRole": "user",
      "getJWT": [MockFunction],
      "loadProfile": [MockFunction],
      "loading": false,
      "login": [MockFunction],
      "logout": [MockFunction],
      "profile": Object {
        "addresses": Array [],
        "attributes": Array [],
        "avatar": "",
        "contactDetails": Array [],
        "createdAt": "",
        "dietaryRestrictions": null,
        "disabilities": null,
        "dob": "2002-04-06",
        "email": "john.smith@example.com",
        "familyName": "Smith",
        "fullName": "John Smith",
        "givenName": "John",
        "id": "cacb559d-b85d-5e64-b623-37252520ebda",
        "jobTitle": "Developer",
        "organizations": Array [],
        "phone": "+44 1234555",
        "preferences": Array [],
        "roles": Array [
          Object {
            "role": Object {
              "name": "user",
            },
          },
        ],
        "status": "active",
        "tags": Array [],
        "title": "Mr",
        "updatedAt": "",
      },
      "reloadCurrentProfile": [MockFunction],
    },
  },
  "debug": [Function],
  "findAllByAltText": [Function],
  "findAllByDisplayValue": [Function],
  "findAllByLabelText": [Function],
  "findAllByPlaceholderText": [Function],
  "findAllByRole": [Function],
  "findAllByTestId": [Function],
  "findAllByText": [Function],
  "findAllByTitle": [Function],
  "findByAltText": [Function],
  "findByDisplayValue": [Function],
  "findByLabelText": [Function],
  "findByPlaceholderText": [Function],
  "findByRole": [Function],
  "findByTestId": [Function],
  "findByText": [Function],
  "findByTitle": [Function],
  "getAllByAltText": [Function],
  "getAllByDisplayValue": [Function],
  "getAllByLabelText": [Function],
  "getAllByPlaceholderText": [Function],
  "getAllByRole": [Function],
  "getAllByTestId": [Function],
  "getAllByText": [Function],
  "getAllByTitle": [Function],
  "getByAltText": [Function],
  "getByDisplayValue": [Function],
  "getByLabelText": [Function],
  "getByPlaceholderText": [Function],
  "getByRole": [Function],
  "getByTestId": [Function],
  "getByText": [Function],
  "getByTitle": [Function],
  "queryAllByAltText": [Function],
  "queryAllByDisplayValue": [Function],
  "queryAllByLabelText": [Function],
  "queryAllByPlaceholderText": [Function],
  "queryAllByRole": [Function],
  "queryAllByTestId": [Function],
  "queryAllByText": [Function],
  "queryAllByTitle": [Function],
  "queryByAltText": [Function],
  "queryByDisplayValue": [Function],
  "queryByLabelText": [Function],
  "queryByPlaceholderText": [Function],
  "queryByRole": [Function],
  "queryByTestId": [Function],
  "queryByText": [Function],
  "queryByTitle": [Function],
  "rerender": [Function],
  "unmount": [Function],
}
`;
