// Jest Snapshot v1, https://goo.gl/fbAQLP

exports[`Form matches snapshot 1`] = `
Object {
  "asFragment": [Function],
  "baseElement": <body>
    <div>
      <form
        aria-autocomplete="none"
        autocomplete="off"
        class="MuiBox-root css-178yklu"
        data-testid="signup-form"
        novalidate=""
      >
        <p
          class="MuiTypography-root MuiTypography-body1 css-g444w6-MuiTypography-root"
        >
          Personal Details
        </p>
        <div
          class="MuiGrid-root MuiGrid-container MuiGrid-spacing-xs-3 css-18lu0av-MuiGrid-root"
        >
          <div
            class="MuiGrid-root MuiGrid-item MuiGrid-grid-md-6 css-myzee5-MuiGrid-root"
          >
            <div
              class="MuiFormControl-root MuiFormControl-fullWidth MuiTextField-root css-jgv580-MuiFormControl-root-MuiTextField-root"
            >
              <label
                class="MuiFormLabel-root MuiInputLabel-root MuiInputLabel-formControl MuiInputLabel-animated MuiInputLabel-shrink MuiInputLabel-standard MuiFormLabel-colorPrimary Mui-focused Mui-required MuiInputLabel-root MuiInputLabel-formControl MuiInputLabel-animated MuiInputLabel-shrink MuiInputLabel-standard css-1ewrvon-MuiFormLabel-root-MuiInputLabel-root"
                data-shrink="true"
                for="firstName"
                id="firstName-label"
              >
                First Name
                <span
                  aria-hidden="true"
                  class="MuiFormLabel-asterisk MuiInputLabel-asterisk css-4bm4xg-MuiFormLabel-asterisk"
                >
                   
                  *
                </span>
              </label>
              <div
                class="MuiInputBase-root MuiInput-root MuiInput-underline MuiInputBase-colorPrimary MuiInputBase-fullWidth Mui-focused MuiInputBase-formControl css-19jstjz-MuiInputBase-root-MuiInput-root"
              >
                <input
                  aria-invalid="false"
                  class="MuiInputBase-input MuiInput-input css-1x51dt5-MuiInputBase-input-MuiInput-input"
                  data-testid="input-first-name"
                  id="firstName"
                  name="firstName"
                  placeholder=""
                  required=""
                  type="text"
                  value=""
                />
              </div>
            </div>
          </div>
          <div
            class="MuiGrid-root MuiGrid-item MuiGrid-grid-md-6 css-myzee5-MuiGrid-root"
          >
            <div
              class="MuiFormControl-root MuiFormControl-fullWidth MuiTextField-root css-jgv580-MuiFormControl-root-MuiTextField-root"
            >
              <label
                class="MuiFormLabel-root MuiInputLabel-root MuiInputLabel-formControl MuiInputLabel-animated MuiInputLabel-standard MuiFormLabel-colorPrimary Mui-required MuiInputLabel-root MuiInputLabel-formControl MuiInputLabel-animated MuiInputLabel-standard css-to3gao-MuiFormLabel-root-MuiInputLabel-root"
                data-shrink="false"
                for="surname"
                id="surname-label"
              >
                Surname
                <span
                  aria-hidden="true"
                  class="MuiFormLabel-asterisk MuiInputLabel-asterisk css-4bm4xg-MuiFormLabel-asterisk"
                >
                   
                  *
                </span>
              </label>
              <div
                class="MuiInputBase-root MuiInput-root MuiInput-underline MuiInputBase-colorPrimary MuiInputBase-fullWidth MuiInputBase-formControl css-19jstjz-MuiInputBase-root-MuiInput-root"
              >
                <input
                  aria-invalid="false"
                  class="MuiInputBase-input MuiInput-input css-1x51dt5-MuiInputBase-input-MuiInput-input"
                  data-testid="input-surname"
                  id="surname"
                  name="surname"
                  placeholder=""
                  required=""
                  type="text"
                  value=""
                />
              </div>
            </div>
          </div>
        </div>
        <div
          class="MuiBox-root css-i3pbo"
        >
          <div
            class="MuiFormControl-root MuiFormControl-fullWidth MuiTextField-root css-jgv580-MuiFormControl-root-MuiTextField-root"
          >
            <label
              class="MuiFormLabel-root MuiInputLabel-root MuiInputLabel-formControl MuiInputLabel-animated MuiInputLabel-standard MuiFormLabel-colorPrimary Mui-required MuiInputLabel-root MuiInputLabel-formControl MuiInputLabel-animated MuiInputLabel-standard css-to3gao-MuiFormLabel-root-MuiInputLabel-root"
              data-shrink="false"
              for="email"
              id="email-label"
            >
              Email
              <span
                aria-hidden="true"
                class="MuiFormLabel-asterisk MuiInputLabel-asterisk css-4bm4xg-MuiFormLabel-asterisk"
              >
                 
                *
              </span>
            </label>
            <div
              class="MuiInputBase-root MuiInput-root MuiInput-underline MuiInputBase-colorPrimary MuiInputBase-fullWidth MuiInputBase-formControl css-19jstjz-MuiInputBase-root-MuiInput-root"
            >
              <input
                aria-invalid="false"
                class="MuiInputBase-input MuiInput-input css-1x51dt5-MuiInputBase-input-MuiInput-input"
                data-testid="input-email"
                id="email"
                name="email"
                placeholder=""
                required=""
                type="text"
                value=""
              />
            </div>
          </div>
          <div
            class="MuiBox-root css-oc1vt3"
          >
            <label
              class="MuiFormControlLabel-root MuiFormControlLabel-labelPlacementEnd css-j204z7-MuiFormControlLabel-root"
            >
              <span
                class="MuiButtonBase-root MuiCheckbox-root MuiCheckbox-colorPrimary PrivateSwitchBase-root MuiCheckbox-root MuiCheckbox-colorPrimary MuiCheckbox-root MuiCheckbox-colorPrimary css-x1h8s1-MuiButtonBase-root-MuiCheckbox-root"
              >
                <input
                  class="PrivateSwitchBase-input css-1m9pwf3"
                  data-indeterminate="false"
                  name="marketing"
                  type="checkbox"
                />
                <svg
                  aria-hidden="true"
                  class="MuiSvgIcon-root MuiSvgIcon-fontSizeMedium css-i4bv87-MuiSvgIcon-root"
                  data-testid="CheckBoxOutlineBlankIcon"
                  focusable="false"
                  viewBox="0 0 24 24"
                >
                  <path
                    d="M19 5v14H5V5h14m0-2H5c-1.1 0-2 .9-2 2v14c0 1.1.9 2 2 2h14c1.1 0 2-.9 2-2V5c0-1.1-.9-2-2-2z"
                  />
                </svg>
                <span
                  class="MuiTouchRipple-root css-8je8zh-MuiTouchRipple-root"
                />
              </span>
              <p
                class="MuiTypography-root MuiTypography-body2 css-1bc48s6-MuiTypography-root"
              >
                I agree to receive marketing materials with information on courses and offers.
              </p>
            </label>
          </div>
        </div>
        <div
          class="MuiBox-root css-i3pbo"
        >
          <div
            class="MuiFormControl-root MuiFormControl-fullWidth MuiTextField-root css-jgv580-MuiFormControl-root-MuiTextField-root"
          >
            <label
              class="MuiFormLabel-root MuiInputLabel-root MuiInputLabel-formControl MuiInputLabel-animated MuiInputLabel-standard MuiFormLabel-colorPrimary Mui-required MuiInputLabel-root MuiInputLabel-formControl MuiInputLabel-animated MuiInputLabel-standard css-to3gao-MuiFormLabel-root-MuiInputLabel-root"
              data-shrink="false"
              for="signup-pass"
              id="signup-pass-label"
            >
              Password
              <span
                aria-hidden="true"
                class="MuiFormLabel-asterisk MuiInputLabel-asterisk css-4bm4xg-MuiFormLabel-asterisk"
              >
                 
                *
              </span>
            </label>
            <div
              class="MuiInputBase-root MuiInput-root MuiInput-underline MuiInputBase-colorPrimary MuiInputBase-fullWidth MuiInputBase-formControl MuiInputBase-adornedEnd css-19jstjz-MuiInputBase-root-MuiInput-root"
            >
              <input
                aria-invalid="false"
                class="MuiInputBase-input MuiInput-input MuiInputBase-inputAdornedEnd css-1x51dt5-MuiInputBase-input-MuiInput-input"
                data-testid="input-password"
                id="signup-pass"
                name="password"
                placeholder="Please enter your password"
                required=""
                type="password"
                value=""
              />
              <div
                class="MuiInputAdornment-root MuiInputAdornment-positionEnd MuiInputAdornment-standard MuiInputAdornment-sizeMedium css-1laqsz7-MuiInputAdornment-root"
              >
                <button
                  aria-label="toggle password visibility"
                  class="MuiButtonBase-root MuiIconButton-root MuiIconButton-edgeEnd MuiIconButton-sizeMedium css-8rogzu-MuiButtonBase-root-MuiIconButton-root"
                  tabindex="0"
                  type="button"
                >
                  <svg
                    aria-hidden="true"
                    class="MuiSvgIcon-root MuiSvgIcon-fontSizeMedium css-i4bv87-MuiSvgIcon-root"
                    data-testid="VisibilityIcon"
                    focusable="false"
                    viewBox="0 0 24 24"
                  >
                    <path
                      d="M12 4.5C7 4.5 2.73 7.61 1 12c1.73 4.39 6 7.5 11 7.5s9.27-3.11 11-7.5c-1.73-4.39-6-7.5-11-7.5zM12 17c-2.76 0-5-2.24-5-5s2.24-5 5-5 5 2.24 5 5-2.24 5-5 5zm0-8c-1.66 0-3 1.34-3 3s1.34 3 3 3 3-1.34 3-3-1.34-3-3-3z"
                    />
                  </svg>
                  <span
                    class="MuiTouchRipple-root css-8je8zh-MuiTouchRipple-root"
                  />
                </button>
              </div>
            </div>
            
          </div>
        </div>
        <div
          class="MuiBox-root css-i3pbo"
        >
          <div
            class="MuiFormControl-root MuiFormControl-fullWidth MuiTextField-root css-1m0bcqz-MuiFormControl-root-MuiTextField-root"
          >
            <label
              class="MuiFormLabel-root MuiInputLabel-root MuiInputLabel-formControl MuiInputLabel-animated MuiInputLabel-shrink MuiInputLabel-standard MuiFormLabel-colorPrimary MuiFormLabel-filled Mui-required MuiInputLabel-root MuiInputLabel-formControl MuiInputLabel-animated MuiInputLabel-shrink MuiInputLabel-standard css-1ewrvon-MuiFormLabel-root-MuiInputLabel-root"
              data-shrink="true"
              for="mui-1"
              id="mui-1-label"
            >
              Phone
              <span
                aria-hidden="true"
                class="MuiFormLabel-asterisk MuiInputLabel-asterisk css-4bm4xg-MuiFormLabel-asterisk"
              >
                 
                *
              </span>
            </label>
            <div
              class="MuiInputBase-root MuiInput-root MuiInput-underline MuiInputBase-colorPrimary MuiInputBase-fullWidth MuiInputBase-formControl MuiInputBase-adornedStart css-19jstjz-MuiInputBase-root-MuiInput-root"
            >
              <div
                class="MuiInputAdornment-root MuiInputAdornment-positionStart MuiInputAdornment-standard MuiInputAdornment-sizeMedium MuiPhoneNumber-positionStart css-ittuaa-MuiInputAdornment-root"
              >
                <span
                  class="notranslate"
                >
                  ​
                </span>
                <button
                  aria-haspopup="true"
                  aria-label="Select country"
                  class="MuiButtonBase-root MuiIconButton-root MuiIconButton-sizeMedium MuiPhoneNumber-flagButton css-1h7flgg-MuiButtonBase-root-MuiIconButton-root"
                  tabindex="0"
                  type="button"
                >
                  <svg
                    class="margin"
                    viewBox="0 85.333 512 341.333"
                  >
                    <path
                      d="M0 85.333h512V426.67H0z"
                      fill="#FFF"
                    />
                    <path
                      d="M288 85.33h-64v138.666H0v64h224v138.666h64V287.996h224v-64H288z"
                      fill="#D80027"
                    />
                    <path
                      d="M393.785 315.358L512 381.034v-65.676zm-82.133 0L512 426.662v-31.474l-143.693-79.83zm146.982 111.304l-146.982-81.664v81.664z"
                      fill="#0052B4"
                    />
                    <path
                      d="M311.652 315.358L512 426.662v-31.474l-143.693-79.83z"
                      fill="#FFF"
                    />
                    <path
                      d="M311.652 315.358L512 426.662v-31.474l-143.693-79.83z"
                      fill="#D80027"
                    />
                    <path
                      d="M90.341 315.356L0 365.546v-50.19zm110.007 14.154v97.151H25.491z"
                      fill="#0052B4"
                    />
                    <path
                      d="M143.693 315.358L0 395.188v31.474l200.348-111.304z"
                      fill="#D80027"
                    />
                    <path
                      d="M118.215 196.634L0 130.958v65.676zm82.133 0L0 85.33v31.474l143.693 79.83zM53.366 85.33l146.982 81.664V85.33z"
                      fill="#0052B4"
                    />
                    <path
                      d="M200.348 196.634L0 85.33v31.474l143.693 79.83z"
                      fill="#FFF"
                    />
                    <path
                      d="M200.348 196.634L0 85.33v31.474l143.693 79.83z"
                      fill="#D80027"
                    />
                    <path
                      d="M421.659 196.636L512 146.446v50.19zm-110.007-14.154V85.331h174.857z"
                      fill="#0052B4"
                    />
                    <path
                      d="M368.307 196.634L512 116.804V85.33L311.652 196.634z"
                      fill="#D80027"
                    />
                  </svg>
                  <span
                    class="MuiTouchRipple-root css-8je8zh-MuiTouchRipple-root"
                  />
                </button>
              </div>
              <input
                aria-invalid="false"
                class="MuiInputBase-input MuiInput-input MuiInputBase-inputAdornedStart css-1wri5ja-MuiInputBase-input-MuiInput-input"
                data-testid="input-phone"
                id="mui-1"
                placeholder="+1 (702) 123-4567"
                required=""
                type="tel"
                value="+44"
              />
            </div>
          </div>
        </div>
        <div
          class="MuiBox-root css-0"
        >
          <div
            class="MuiFormControl-root MuiFormControl-fullWidth MuiTextField-root css-jgv580-MuiFormControl-root-MuiTextField-root"
          >
            <label
              class="MuiFormLabel-root MuiInputLabel-root MuiInputLabel-formControl MuiInputLabel-animated MuiInputLabel-standard MuiFormLabel-colorPrimary MuiInputLabel-root MuiInputLabel-formControl MuiInputLabel-animated MuiInputLabel-standard css-to3gao-MuiFormLabel-root-MuiInputLabel-root"
              data-shrink="false"
              for="mui-4"
              id="mui-4-label"
            >
              Date of Birth (optional)
            </label>
            <div
              class="MuiInputBase-root MuiInput-root MuiInput-underline MuiInputBase-colorPrimary MuiInputBase-fullWidth MuiInputBase-formControl MuiInputBase-readOnly css-19jstjz-MuiInputBase-root-MuiInput-root"
            >
              <input
                aria-invalid="false"
                aria-label="Choose date"
                aria-readonly="true"
                class="MuiInputBase-input MuiInput-input MuiInputBase-readOnly css-1x51dt5-MuiInputBase-input-MuiInput-input"
                data-testid="input-dob"
                id="mui-4"
                readonly=""
                type="text"
                value=""
              />
            </div>
          </div>
        </div>
        <div
          class="MuiBox-root css-rm9e7r"
        >
          <div
            class="MuiBox-root css-k008qs"
          >
            <label
              class="MuiFormControlLabel-root MuiFormControlLabel-labelPlacementEnd css-j204z7-MuiFormControlLabel-root"
            >
              <span
                class="MuiButtonBase-root MuiCheckbox-root MuiCheckbox-colorPrimary PrivateSwitchBase-root MuiCheckbox-root MuiCheckbox-colorPrimary MuiCheckbox-root MuiCheckbox-colorPrimary css-x1h8s1-MuiButtonBase-root-MuiCheckbox-root"
              >
                <input
                  aria-label="T&Cs"
                  class="PrivateSwitchBase-input css-1m9pwf3"
                  data-indeterminate="false"
                  name="tcs"
                  type="checkbox"
                />
                <svg
                  aria-hidden="true"
                  class="MuiSvgIcon-root MuiSvgIcon-fontSizeMedium css-i4bv87-MuiSvgIcon-root"
                  data-testid="CheckBoxOutlineBlankIcon"
                  focusable="false"
                  viewBox="0 0 24 24"
                >
                  <path
                    d="M19 5v14H5V5h14m0-2H5c-1.1 0-2 .9-2 2v14c0 1.1.9 2 2 2h14c1.1 0 2-.9 2-2V5c0-1.1-.9-2-2-2z"
                  />
                </svg>
                <span
                  class="MuiTouchRipple-root css-8je8zh-MuiTouchRipple-root"
                />
              </span>
              <span
                class="MuiTypography-root MuiTypography-body1 MuiFormControlLabel-label css-bvjatk-MuiTypography-root"
              >
                <p
                  class="MuiTypography-root MuiTypography-body2 css-1bc48s6-MuiTypography-root"
                >
                  I accept the 
                  <a
                    href="https://www.teamteach.co.uk/policies-procedures/terms-of-business/"
                    rel="noreferrer"
                    target="_blank"
                  >
                    Terms of Business
                  </a>
                   and agree to Team Teach processing my personal data in accordance with our 
                  <a
                    href=""
                  >
                    Privacy Policy
                  </a>
                </p>
              </span>
            </label>
          </div>
        </div>
        <div
          class="MuiBox-root css-dvxtzn"
        >
          <button
            class="MuiButtonBase-root MuiButton-root MuiLoadingButton-root MuiButton-contained MuiButton-containedPrimary MuiButton-sizeLarge MuiButton-containedSizeLarge MuiButton-root MuiLoadingButton-root MuiButton-contained MuiButton-containedPrimary MuiButton-sizeLarge MuiButton-containedSizeLarge css-14srt4-MuiButtonBase-root-MuiButton-root-MuiLoadingButton-root"
            data-testid="signup-form-btn"
            id="mui-3"
            tabindex="0"
            type="submit"
          >
            Create account
            <span
              class="MuiTouchRipple-root css-8je8zh-MuiTouchRipple-root"
            />
          </button>
        </div>
      </form>
    </div>
  </body>,
  "container": <div>
    <form
      aria-autocomplete="none"
      autocomplete="off"
      class="MuiBox-root css-178yklu"
      data-testid="signup-form"
      novalidate=""
    >
      <p
        class="MuiTypography-root MuiTypography-body1 css-g444w6-MuiTypography-root"
      >
        Personal Details
      </p>
      <div
        class="MuiGrid-root MuiGrid-container MuiGrid-spacing-xs-3 css-18lu0av-MuiGrid-root"
      >
        <div
          class="MuiGrid-root MuiGrid-item MuiGrid-grid-md-6 css-myzee5-MuiGrid-root"
        >
          <div
            class="MuiFormControl-root MuiFormControl-fullWidth MuiTextField-root css-jgv580-MuiFormControl-root-MuiTextField-root"
          >
            <label
              class="MuiFormLabel-root MuiInputLabel-root MuiInputLabel-formControl MuiInputLabel-animated MuiInputLabel-shrink MuiInputLabel-standard MuiFormLabel-colorPrimary Mui-focused Mui-required MuiInputLabel-root MuiInputLabel-formControl MuiInputLabel-animated MuiInputLabel-shrink MuiInputLabel-standard css-1ewrvon-MuiFormLabel-root-MuiInputLabel-root"
              data-shrink="true"
              for="firstName"
              id="firstName-label"
            >
              First Name
              <span
                aria-hidden="true"
                class="MuiFormLabel-asterisk MuiInputLabel-asterisk css-4bm4xg-MuiFormLabel-asterisk"
              >
                 
                *
              </span>
            </label>
            <div
              class="MuiInputBase-root MuiInput-root MuiInput-underline MuiInputBase-colorPrimary MuiInputBase-fullWidth Mui-focused MuiInputBase-formControl css-19jstjz-MuiInputBase-root-MuiInput-root"
            >
              <input
                aria-invalid="false"
                class="MuiInputBase-input MuiInput-input css-1x51dt5-MuiInputBase-input-MuiInput-input"
                data-testid="input-first-name"
                id="firstName"
                name="firstName"
                placeholder=""
                required=""
                type="text"
                value=""
              />
            </div>
          </div>
        </div>
        <div
          class="MuiGrid-root MuiGrid-item MuiGrid-grid-md-6 css-myzee5-MuiGrid-root"
        >
          <div
            class="MuiFormControl-root MuiFormControl-fullWidth MuiTextField-root css-jgv580-MuiFormControl-root-MuiTextField-root"
          >
            <label
              class="MuiFormLabel-root MuiInputLabel-root MuiInputLabel-formControl MuiInputLabel-animated MuiInputLabel-standard MuiFormLabel-colorPrimary Mui-required MuiInputLabel-root MuiInputLabel-formControl MuiInputLabel-animated MuiInputLabel-standard css-to3gao-MuiFormLabel-root-MuiInputLabel-root"
              data-shrink="false"
              for="surname"
              id="surname-label"
            >
              Surname
              <span
                aria-hidden="true"
                class="MuiFormLabel-asterisk MuiInputLabel-asterisk css-4bm4xg-MuiFormLabel-asterisk"
              >
                 
                *
              </span>
            </label>
            <div
              class="MuiInputBase-root MuiInput-root MuiInput-underline MuiInputBase-colorPrimary MuiInputBase-fullWidth MuiInputBase-formControl css-19jstjz-MuiInputBase-root-MuiInput-root"
            >
              <input
                aria-invalid="false"
                class="MuiInputBase-input MuiInput-input css-1x51dt5-MuiInputBase-input-MuiInput-input"
                data-testid="input-surname"
                id="surname"
                name="surname"
                placeholder=""
                required=""
                type="text"
                value=""
              />
            </div>
          </div>
        </div>
      </div>
      <div
        class="MuiBox-root css-i3pbo"
      >
        <div
          class="MuiFormControl-root MuiFormControl-fullWidth MuiTextField-root css-jgv580-MuiFormControl-root-MuiTextField-root"
        >
          <label
            class="MuiFormLabel-root MuiInputLabel-root MuiInputLabel-formControl MuiInputLabel-animated MuiInputLabel-standard MuiFormLabel-colorPrimary Mui-required MuiInputLabel-root MuiInputLabel-formControl MuiInputLabel-animated MuiInputLabel-standard css-to3gao-MuiFormLabel-root-MuiInputLabel-root"
            data-shrink="false"
            for="email"
            id="email-label"
          >
            Email
            <span
              aria-hidden="true"
              class="MuiFormLabel-asterisk MuiInputLabel-asterisk css-4bm4xg-MuiFormLabel-asterisk"
            >
               
              *
            </span>
          </label>
          <div
            class="MuiInputBase-root MuiInput-root MuiInput-underline MuiInputBase-colorPrimary MuiInputBase-fullWidth MuiInputBase-formControl css-19jstjz-MuiInputBase-root-MuiInput-root"
          >
            <input
              aria-invalid="false"
              class="MuiInputBase-input MuiInput-input css-1x51dt5-MuiInputBase-input-MuiInput-input"
              data-testid="input-email"
              id="email"
              name="email"
              placeholder=""
              required=""
              type="text"
              value=""
            />
          </div>
        </div>
        <div
          class="MuiBox-root css-oc1vt3"
        >
          <label
            class="MuiFormControlLabel-root MuiFormControlLabel-labelPlacementEnd css-j204z7-MuiFormControlLabel-root"
          >
            <span
              class="MuiButtonBase-root MuiCheckbox-root MuiCheckbox-colorPrimary PrivateSwitchBase-root MuiCheckbox-root MuiCheckbox-colorPrimary MuiCheckbox-root MuiCheckbox-colorPrimary css-x1h8s1-MuiButtonBase-root-MuiCheckbox-root"
            >
              <input
                class="PrivateSwitchBase-input css-1m9pwf3"
                data-indeterminate="false"
                name="marketing"
                type="checkbox"
              />
              <svg
                aria-hidden="true"
                class="MuiSvgIcon-root MuiSvgIcon-fontSizeMedium css-i4bv87-MuiSvgIcon-root"
                data-testid="CheckBoxOutlineBlankIcon"
                focusable="false"
                viewBox="0 0 24 24"
              >
                <path
                  d="M19 5v14H5V5h14m0-2H5c-1.1 0-2 .9-2 2v14c0 1.1.9 2 2 2h14c1.1 0 2-.9 2-2V5c0-1.1-.9-2-2-2z"
                />
              </svg>
              <span
                class="MuiTouchRipple-root css-8je8zh-MuiTouchRipple-root"
              />
            </span>
            <p
              class="MuiTypography-root MuiTypography-body2 css-1bc48s6-MuiTypography-root"
            >
              I agree to receive marketing materials with information on courses and offers.
            </p>
          </label>
        </div>
      </div>
      <div
        class="MuiBox-root css-i3pbo"
      >
        <div
          class="MuiFormControl-root MuiFormControl-fullWidth MuiTextField-root css-jgv580-MuiFormControl-root-MuiTextField-root"
        >
          <label
            class="MuiFormLabel-root MuiInputLabel-root MuiInputLabel-formControl MuiInputLabel-animated MuiInputLabel-standard MuiFormLabel-colorPrimary Mui-required MuiInputLabel-root MuiInputLabel-formControl MuiInputLabel-animated MuiInputLabel-standard css-to3gao-MuiFormLabel-root-MuiInputLabel-root"
            data-shrink="false"
            for="signup-pass"
            id="signup-pass-label"
          >
            Password
            <span
              aria-hidden="true"
              class="MuiFormLabel-asterisk MuiInputLabel-asterisk css-4bm4xg-MuiFormLabel-asterisk"
            >
               
              *
            </span>
          </label>
          <div
            class="MuiInputBase-root MuiInput-root MuiInput-underline MuiInputBase-colorPrimary MuiInputBase-fullWidth MuiInputBase-formControl MuiInputBase-adornedEnd css-19jstjz-MuiInputBase-root-MuiInput-root"
          >
            <input
              aria-invalid="false"
              class="MuiInputBase-input MuiInput-input MuiInputBase-inputAdornedEnd css-1x51dt5-MuiInputBase-input-MuiInput-input"
              data-testid="input-password"
              id="signup-pass"
              name="password"
              placeholder="Please enter your password"
              required=""
              type="password"
              value=""
            />
            <div
              class="MuiInputAdornment-root MuiInputAdornment-positionEnd MuiInputAdornment-standard MuiInputAdornment-sizeMedium css-1laqsz7-MuiInputAdornment-root"
            >
              <button
                aria-label="toggle password visibility"
                class="MuiButtonBase-root MuiIconButton-root MuiIconButton-edgeEnd MuiIconButton-sizeMedium css-8rogzu-MuiButtonBase-root-MuiIconButton-root"
                tabindex="0"
                type="button"
              >
                <svg
                  aria-hidden="true"
                  class="MuiSvgIcon-root MuiSvgIcon-fontSizeMedium css-i4bv87-MuiSvgIcon-root"
                  data-testid="VisibilityIcon"
                  focusable="false"
                  viewBox="0 0 24 24"
                >
                  <path
                    d="M12 4.5C7 4.5 2.73 7.61 1 12c1.73 4.39 6 7.5 11 7.5s9.27-3.11 11-7.5c-1.73-4.39-6-7.5-11-7.5zM12 17c-2.76 0-5-2.24-5-5s2.24-5 5-5 5 2.24 5 5-2.24 5-5 5zm0-8c-1.66 0-3 1.34-3 3s1.34 3 3 3 3-1.34 3-3-1.34-3-3-3z"
                  />
                </svg>
                <span
                  class="MuiTouchRipple-root css-8je8zh-MuiTouchRipple-root"
                />
              </button>
            </div>
          </div>
          
        </div>
      </div>
      <div
        class="MuiBox-root css-i3pbo"
      >
        <div
          class="MuiFormControl-root MuiFormControl-fullWidth MuiTextField-root css-1m0bcqz-MuiFormControl-root-MuiTextField-root"
        >
          <label
            class="MuiFormLabel-root MuiInputLabel-root MuiInputLabel-formControl MuiInputLabel-animated MuiInputLabel-shrink MuiInputLabel-standard MuiFormLabel-colorPrimary MuiFormLabel-filled Mui-required MuiInputLabel-root MuiInputLabel-formControl MuiInputLabel-animated MuiInputLabel-shrink MuiInputLabel-standard css-1ewrvon-MuiFormLabel-root-MuiInputLabel-root"
            data-shrink="true"
            for="mui-1"
            id="mui-1-label"
          >
            Phone
            <span
              aria-hidden="true"
              class="MuiFormLabel-asterisk MuiInputLabel-asterisk css-4bm4xg-MuiFormLabel-asterisk"
            >
               
              *
            </span>
          </label>
          <div
            class="MuiInputBase-root MuiInput-root MuiInput-underline MuiInputBase-colorPrimary MuiInputBase-fullWidth MuiInputBase-formControl MuiInputBase-adornedStart css-19jstjz-MuiInputBase-root-MuiInput-root"
          >
            <div
              class="MuiInputAdornment-root MuiInputAdornment-positionStart MuiInputAdornment-standard MuiInputAdornment-sizeMedium MuiPhoneNumber-positionStart css-ittuaa-MuiInputAdornment-root"
            >
              <span
                class="notranslate"
              >
                ​
              </span>
              <button
                aria-haspopup="true"
                aria-label="Select country"
                class="MuiButtonBase-root MuiIconButton-root MuiIconButton-sizeMedium MuiPhoneNumber-flagButton css-1h7flgg-MuiButtonBase-root-MuiIconButton-root"
                tabindex="0"
                type="button"
              >
                <svg
                  class="margin"
                  viewBox="0 85.333 512 341.333"
                >
                  <path
                    d="M0 85.333h512V426.67H0z"
                    fill="#FFF"
                  />
                  <path
                    d="M288 85.33h-64v138.666H0v64h224v138.666h64V287.996h224v-64H288z"
                    fill="#D80027"
                  />
                  <path
                    d="M393.785 315.358L512 381.034v-65.676zm-82.133 0L512 426.662v-31.474l-143.693-79.83zm146.982 111.304l-146.982-81.664v81.664z"
                    fill="#0052B4"
                  />
                  <path
                    d="M311.652 315.358L512 426.662v-31.474l-143.693-79.83z"
                    fill="#FFF"
                  />
                  <path
                    d="M311.652 315.358L512 426.662v-31.474l-143.693-79.83z"
                    fill="#D80027"
                  />
                  <path
                    d="M90.341 315.356L0 365.546v-50.19zm110.007 14.154v97.151H25.491z"
                    fill="#0052B4"
                  />
                  <path
                    d="M143.693 315.358L0 395.188v31.474l200.348-111.304z"
                    fill="#D80027"
                  />
                  <path
                    d="M118.215 196.634L0 130.958v65.676zm82.133 0L0 85.33v31.474l143.693 79.83zM53.366 85.33l146.982 81.664V85.33z"
                    fill="#0052B4"
                  />
                  <path
                    d="M200.348 196.634L0 85.33v31.474l143.693 79.83z"
                    fill="#FFF"
                  />
                  <path
                    d="M200.348 196.634L0 85.33v31.474l143.693 79.83z"
                    fill="#D80027"
                  />
                  <path
                    d="M421.659 196.636L512 146.446v50.19zm-110.007-14.154V85.331h174.857z"
                    fill="#0052B4"
                  />
                  <path
                    d="M368.307 196.634L512 116.804V85.33L311.652 196.634z"
                    fill="#D80027"
                  />
                </svg>
                <span
                  class="MuiTouchRipple-root css-8je8zh-MuiTouchRipple-root"
                />
              </button>
            </div>
            <input
              aria-invalid="false"
              class="MuiInputBase-input MuiInput-input MuiInputBase-inputAdornedStart css-1wri5ja-MuiInputBase-input-MuiInput-input"
              data-testid="input-phone"
              id="mui-1"
              placeholder="+1 (702) 123-4567"
              required=""
              type="tel"
              value="+44"
            />
          </div>
        </div>
      </div>
      <div
        class="MuiBox-root css-0"
      >
        <div
          class="MuiFormControl-root MuiFormControl-fullWidth MuiTextField-root css-jgv580-MuiFormControl-root-MuiTextField-root"
        >
          <label
            class="MuiFormLabel-root MuiInputLabel-root MuiInputLabel-formControl MuiInputLabel-animated MuiInputLabel-standard MuiFormLabel-colorPrimary MuiInputLabel-root MuiInputLabel-formControl MuiInputLabel-animated MuiInputLabel-standard css-to3gao-MuiFormLabel-root-MuiInputLabel-root"
            data-shrink="false"
            for="mui-4"
            id="mui-4-label"
          >
            Date of Birth (optional)
          </label>
          <div
            class="MuiInputBase-root MuiInput-root MuiInput-underline MuiInputBase-colorPrimary MuiInputBase-fullWidth MuiInputBase-formControl MuiInputBase-readOnly css-19jstjz-MuiInputBase-root-MuiInput-root"
          >
            <input
              aria-invalid="false"
              aria-label="Choose date"
              aria-readonly="true"
              class="MuiInputBase-input MuiInput-input MuiInputBase-readOnly css-1x51dt5-MuiInputBase-input-MuiInput-input"
              data-testid="input-dob"
              id="mui-4"
              readonly=""
              type="text"
              value=""
            />
          </div>
        </div>
      </div>
      <div
        class="MuiBox-root css-rm9e7r"
      >
        <div
          class="MuiBox-root css-k008qs"
        >
          <label
            class="MuiFormControlLabel-root MuiFormControlLabel-labelPlacementEnd css-j204z7-MuiFormControlLabel-root"
          >
            <span
              class="MuiButtonBase-root MuiCheckbox-root MuiCheckbox-colorPrimary PrivateSwitchBase-root MuiCheckbox-root MuiCheckbox-colorPrimary MuiCheckbox-root MuiCheckbox-colorPrimary css-x1h8s1-MuiButtonBase-root-MuiCheckbox-root"
            >
              <input
                aria-label="T&Cs"
                class="PrivateSwitchBase-input css-1m9pwf3"
                data-indeterminate="false"
                name="tcs"
                type="checkbox"
              />
              <svg
                aria-hidden="true"
                class="MuiSvgIcon-root MuiSvgIcon-fontSizeMedium css-i4bv87-MuiSvgIcon-root"
                data-testid="CheckBoxOutlineBlankIcon"
                focusable="false"
                viewBox="0 0 24 24"
              >
                <path
                  d="M19 5v14H5V5h14m0-2H5c-1.1 0-2 .9-2 2v14c0 1.1.9 2 2 2h14c1.1 0 2-.9 2-2V5c0-1.1-.9-2-2-2z"
                />
              </svg>
              <span
                class="MuiTouchRipple-root css-8je8zh-MuiTouchRipple-root"
              />
            </span>
            <span
              class="MuiTypography-root MuiTypography-body1 MuiFormControlLabel-label css-bvjatk-MuiTypography-root"
            >
              <p
                class="MuiTypography-root MuiTypography-body2 css-1bc48s6-MuiTypography-root"
              >
                I accept the 
                <a
                  href="https://www.teamteach.co.uk/policies-procedures/terms-of-business/"
                  rel="noreferrer"
                  target="_blank"
                >
                  Terms of Business
                </a>
                 and agree to Team Teach processing my personal data in accordance with our 
                <a
                  href=""
                >
                  Privacy Policy
                </a>
              </p>
            </span>
          </label>
        </div>
      </div>
      <div
        class="MuiBox-root css-dvxtzn"
      >
        <button
          class="MuiButtonBase-root MuiButton-root MuiLoadingButton-root MuiButton-contained MuiButton-containedPrimary MuiButton-sizeLarge MuiButton-containedSizeLarge MuiButton-root MuiLoadingButton-root MuiButton-contained MuiButton-containedPrimary MuiButton-sizeLarge MuiButton-containedSizeLarge css-14srt4-MuiButtonBase-root-MuiButton-root-MuiLoadingButton-root"
          data-testid="signup-form-btn"
          id="mui-3"
          tabindex="0"
          type="submit"
        >
          Create account
          <span
            class="MuiTouchRipple-root css-8je8zh-MuiTouchRipple-root"
          />
        </button>
      </div>
    </form>
  </div>,
  "context": Object {
    "auth": Object {
      "activeRole": "user",
      "allowedRoles": Set {
        "user",
      },
      "changeRole": [MockFunction],
      "defaultRole": "user",
      "getJWT": [MockFunction],
      "loadProfile": [MockFunction],
      "loading": false,
      "login": [MockFunction],
      "logout": [MockFunction],
      "profile": Object {
        "addresses": Array [],
        "attributes": Array [],
        "avatar": "",
        "contactDetails": Array [],
        "createdAt": "",
        "dietaryRestrictions": null,
        "disabilities": null,
        "dob": "2002-04-06",
        "email": "john.smith@example.com",
        "familyName": "Smith",
        "fullName": "John Smith",
        "givenName": "John",
        "id": "cacb559d-b85d-5e64-b623-37252520ebda",
        "jobTitle": "Developer",
        "lastActivity": 2020-01-01T00:00:00.000Z,
        "organizations": Array [],
        "phone": "+44 1234555",
        "preferences": Array [],
        "roles": Array [
          Object {
            "role": Object {
              "id": "1",
              "name": "user",
            },
          },
        ],
        "tags": Array [],
        "title": "Mr",
        "trainer_role_types": Array [
          Object {
            "trainer_role_type": Object {
              "id": "1",
              "name": "principal",
            },
          },
        ],
        "updatedAt": "",
      },
      "reloadCurrentProfile": [MockFunction],
    },
  },
  "debug": [Function],
  "findAllByAltText": [Function],
  "findAllByDisplayValue": [Function],
  "findAllByLabelText": [Function],
  "findAllByPlaceholderText": [Function],
  "findAllByRole": [Function],
  "findAllByTestId": [Function],
  "findAllByText": [Function],
  "findAllByTitle": [Function],
  "findByAltText": [Function],
  "findByDisplayValue": [Function],
  "findByLabelText": [Function],
  "findByPlaceholderText": [Function],
  "findByRole": [Function],
  "findByTestId": [Function],
  "findByText": [Function],
  "findByTitle": [Function],
  "getAllByAltText": [Function],
  "getAllByDisplayValue": [Function],
  "getAllByLabelText": [Function],
  "getAllByPlaceholderText": [Function],
  "getAllByRole": [Function],
  "getAllByTestId": [Function],
  "getAllByText": [Function],
  "getAllByTitle": [Function],
  "getByAltText": [Function],
  "getByDisplayValue": [Function],
  "getByLabelText": [Function],
  "getByPlaceholderText": [Function],
  "getByRole": [Function],
  "getByTestId": [Function],
  "getByText": [Function],
  "getByTitle": [Function],
  "queryAllByAltText": [Function],
  "queryAllByDisplayValue": [Function],
  "queryAllByLabelText": [Function],
  "queryAllByPlaceholderText": [Function],
  "queryAllByRole": [Function],
  "queryAllByTestId": [Function],
  "queryAllByText": [Function],
  "queryAllByTitle": [Function],
  "queryByAltText": [Function],
  "queryByDisplayValue": [Function],
  "queryByLabelText": [Function],
  "queryByPlaceholderText": [Function],
  "queryByRole": [Function],
  "queryByTestId": [Function],
  "queryByText": [Function],
  "queryByTitle": [Function],
  "rerender": [Function],
  "unmount": [Function],
}
`;
