// Jest Snapshot v1, https://goo.gl/fbAQLP

exports[`OrgDetailsTab matches snapshot 1`] = `
Object {
  "asFragment": [Function],
  "baseElement": <body>
    <div>
      <div
        class="MuiBox-root css-w49wrl"
      >
        <div
          class="MuiBox-root css-0"
        >
          <h6
            class="MuiTypography-root MuiTypography-subtitle1 css-16q2fz6-MuiTypography-root"
          >
            Organisation details
          </h6>
          <div
            class="MuiBox-root css-12dktrg"
          >
            <div
              class="MuiGrid-root MuiGrid-container css-11lq3yg-MuiGrid-root"
            >
              <div
                class="MuiGrid-root MuiGrid-item MuiGrid-grid-xs-8 css-1xqdqwq-MuiGrid-root"
              >
                <div
                  class="MuiBox-root css-1coeexk"
                >
                  <p
                    class="MuiTypography-root MuiTypography-body1 css-13eiip-MuiTypography-root"
                  >
                    Name
                  </p>
                  <p
                    class="MuiTypography-root MuiTypography-body1 css-2a4jea-MuiTypography-root"
                  >
                    test org
                  </p>
                </div>
                <div
                  class="MuiBox-root css-1coeexk"
                >
                  <p
                    class="MuiTypography-root MuiTypography-body1 css-13eiip-MuiTypography-root"
                  >
                    Organisation email
                  </p>
                  <p
                    class="MuiTypography-root MuiTypography-body1 css-2a4jea-MuiTypography-root"
                  >
                    test@email.com
                  </p>
                </div>
                <div
                  class="MuiBox-root css-1coeexk"
                >
                  <p
                    class="MuiTypography-root MuiTypography-body1 css-13eiip-MuiTypography-root"
                  >
                    Sector
                  </p>
                  <p
                    class="MuiTypography-root MuiTypography-body1 css-2a4jea-MuiTypography-root"
                  >
                    test sector
                  </p>
                </div>
                <div
                  class="MuiBox-root css-1coeexk"
                >
                  <p
                    class="MuiTypography-root MuiTypography-body1 css-13eiip-MuiTypography-root"
                  >
                    Trust type
                  </p>
                </div>
                <div
                  class="MuiBox-root css-1coeexk"
                >
                  <p
                    class="MuiTypography-root MuiTypography-body1 css-13eiip-MuiTypography-root"
                  >
                    Trust
                  </p>
                  <p
                    class="MuiTypography-root MuiTypography-body1 css-2a4jea-MuiTypography-root"
                  >
                    test trust
                  </p>
                </div>
                <div
                  class="MuiBox-root css-1coeexk"
                >
                  <p
                    class="MuiTypography-root MuiTypography-body1 css-13eiip-MuiTypography-root"
                  >
                    Local authority
                  </p>
                  <p
                    class="MuiTypography-root MuiTypography-body1 css-2a4jea-MuiTypography-root"
                  >
                    test authority
                  </p>
                </div>
                <div
                  class="MuiBox-root css-1coeexk"
                >
                  <p
                    class="MuiTypography-root MuiTypography-body1 css-13eiip-MuiTypography-root"
                  >
                    Ofsted rating
                  </p>
                  <p
                    class="MuiTypography-root MuiTypography-body1 css-2a4jea-MuiTypography-root"
                  >
                    Inadequate
                  </p>
                </div>
                <div
                  class="MuiBox-root css-1coeexk"
                >
                  <p
                    class="MuiTypography-root MuiTypography-body1 css-13eiip-MuiTypography-root"
                  >
                    Ofsted last inspection
                  </p>
                  <p
                    class="MuiTypography-root MuiTypography-body1 css-2a4jea-MuiTypography-root"
                  >
                    1 January 2022
                  </p>
                </div>
              </div>
              <div
                class="MuiGrid-root MuiGrid-item MuiGrid-grid-xs-4 css-1p35hna-MuiGrid-root"
              >
                <div
                  class="MuiBox-root css-1bvc4cc"
                >
                  <button
                    class="MuiButton-root MuiButton-outlined MuiButton-outlinedPrimary MuiButton-sizeLarge MuiButton-outlinedSizeLarge MuiButtonBase-root  css-1vqdlab-MuiButtonBase-root-MuiButton-root"
                    tabindex="0"
                    type="button"
                  >
                    Edit organisation
                    <span
                      class="MuiTouchRipple-root css-8je8zh-MuiTouchRipple-root"
                    />
                  </button>
                </div>
              </div>
            </div>
          </div>
          <h6
            class="MuiTypography-root MuiTypography-subtitle1 css-16q2fz6-MuiTypography-root"
          >
            Organisation address
          </h6>
          <div
            class="MuiBox-root css-acjjjk"
          >
            <div
              class="MuiBox-root css-1coeexk"
            >
              <p
                class="MuiTypography-root MuiTypography-body1 css-13eiip-MuiTypography-root"
              >
                Line 1
              </p>
              <p
                class="MuiTypography-root MuiTypography-body1 css-2a4jea-MuiTypography-root"
              >
                line 1
              </p>
            </div>
            <div
              class="MuiBox-root css-1coeexk"
            >
              <p
                class="MuiTypography-root MuiTypography-body1 css-13eiip-MuiTypography-root"
              >
                Line 2
              </p>
              <p
                class="MuiTypography-root MuiTypography-body1 css-2a4jea-MuiTypography-root"
              >
                line 2
              </p>
            </div>
            <div
              class="MuiBox-root css-1coeexk"
            >
              <p
                class="MuiTypography-root MuiTypography-body1 css-13eiip-MuiTypography-root"
              >
                City
              </p>
              <p
                class="MuiTypography-root MuiTypography-body1 css-2a4jea-MuiTypography-root"
              >
                test city
              </p>
            </div>
            <div
              class="MuiBox-root css-1coeexk"
            >
              <p
                class="MuiTypography-root MuiTypography-body1 css-13eiip-MuiTypography-root"
              >
                Country
              </p>
              <p
                class="MuiTypography-root MuiTypography-body1 css-2a4jea-MuiTypography-root"
              >
                test country
              </p>
            </div>
            <div
              class="MuiBox-root css-1coeexk"
            >
              <p
                class="MuiTypography-root MuiTypography-body1 css-13eiip-MuiTypography-root"
              >
                Post code
              </p>
              <p
                class="MuiTypography-root MuiTypography-body1 css-2a4jea-MuiTypography-root"
              >
                some postcode
              </p>
            </div>
          </div>
          <h6
            class="MuiTypography-root MuiTypography-subtitle1 css-16q2fz6-MuiTypography-root"
          >
            Additional details
          </h6>
          <div
            class="MuiBox-root css-acjjjk"
          >
            <div
              class="MuiBox-root css-1coeexk"
            >
              <p
                class="MuiTypography-root MuiTypography-body1 css-13eiip-MuiTypography-root"
              >
                Head first name
              </p>
              <p
                class="MuiTypography-root MuiTypography-body1 css-2a4jea-MuiTypography-root"
              >
                test first name
              </p>
            </div>
            <div
              class="MuiBox-root css-1coeexk"
            >
              <p
                class="MuiTypography-root MuiTypography-body1 css-13eiip-MuiTypography-root"
              >
                Head last name
              </p>
              <p
                class="MuiTypography-root MuiTypography-body1 css-2a4jea-MuiTypography-root"
              >
                test last name
              </p>
            </div>
            <div
              class="MuiBox-root css-1coeexk"
            >
              <p
                class="MuiTypography-root MuiTypography-body1 css-13eiip-MuiTypography-root"
              >
                Head title
              </p>
              <p
                class="MuiTypography-root MuiTypography-body1 css-2a4jea-MuiTypography-root"
              >
                test title
              </p>
            </div>
            <div
              class="MuiBox-root css-1coeexk"
            >
              <p
                class="MuiTypography-root MuiTypography-body1 css-13eiip-MuiTypography-root"
              >
                Head preferred job title
              </p>
              <p
                class="MuiTypography-root MuiTypography-body1 css-2a4jea-MuiTypography-root"
              >
                test job title
              </p>
            </div>
            <div
              class="MuiBox-root css-1coeexk"
            >
              <p
                class="MuiTypography-root MuiTypography-body1 css-13eiip-MuiTypography-root"
              >
                Website
              </p>
              <p
                class="MuiTypography-root MuiTypography-body1 css-2a4jea-MuiTypography-root"
              >
                whatever.com
              </p>
            </div>
          </div>
        </div>
      </div>
    </div>
  </body>,
  "container": <div>
    <div
      class="MuiBox-root css-w49wrl"
    >
      <div
        class="MuiBox-root css-0"
      >
        <h6
          class="MuiTypography-root MuiTypography-subtitle1 css-16q2fz6-MuiTypography-root"
        >
          Organisation details
        </h6>
        <div
          class="MuiBox-root css-12dktrg"
        >
          <div
            class="MuiGrid-root MuiGrid-container css-11lq3yg-MuiGrid-root"
          >
            <div
              class="MuiGrid-root MuiGrid-item MuiGrid-grid-xs-8 css-1xqdqwq-MuiGrid-root"
            >
              <div
                class="MuiBox-root css-1coeexk"
              >
                <p
                  class="MuiTypography-root MuiTypography-body1 css-13eiip-MuiTypography-root"
                >
                  Name
                </p>
                <p
                  class="MuiTypography-root MuiTypography-body1 css-2a4jea-MuiTypography-root"
                >
                  test org
                </p>
              </div>
              <div
                class="MuiBox-root css-1coeexk"
              >
                <p
                  class="MuiTypography-root MuiTypography-body1 css-13eiip-MuiTypography-root"
                >
                  Organisation email
                </p>
                <p
                  class="MuiTypography-root MuiTypography-body1 css-2a4jea-MuiTypography-root"
                >
                  test@email.com
                </p>
              </div>
              <div
                class="MuiBox-root css-1coeexk"
              >
                <p
                  class="MuiTypography-root MuiTypography-body1 css-13eiip-MuiTypography-root"
                >
                  Sector
                </p>
                <p
                  class="MuiTypography-root MuiTypography-body1 css-2a4jea-MuiTypography-root"
                >
                  test sector
                </p>
              </div>
              <div
                class="MuiBox-root css-1coeexk"
              >
                <p
                  class="MuiTypography-root MuiTypography-body1 css-13eiip-MuiTypography-root"
                >
                  Trust type
                </p>
              </div>
              <div
                class="MuiBox-root css-1coeexk"
              >
                <p
                  class="MuiTypography-root MuiTypography-body1 css-13eiip-MuiTypography-root"
                >
                  Trust
                </p>
                <p
                  class="MuiTypography-root MuiTypography-body1 css-2a4jea-MuiTypography-root"
                >
                  test trust
                </p>
              </div>
              <div
                class="MuiBox-root css-1coeexk"
              >
                <p
                  class="MuiTypography-root MuiTypography-body1 css-13eiip-MuiTypography-root"
                >
                  Local authority
                </p>
                <p
                  class="MuiTypography-root MuiTypography-body1 css-2a4jea-MuiTypography-root"
                >
                  test authority
                </p>
              </div>
              <div
                class="MuiBox-root css-1coeexk"
              >
                <p
                  class="MuiTypography-root MuiTypography-body1 css-13eiip-MuiTypography-root"
                >
                  Ofsted rating
                </p>
                <p
                  class="MuiTypography-root MuiTypography-body1 css-2a4jea-MuiTypography-root"
                >
                  Inadequate
                </p>
              </div>
              <div
                class="MuiBox-root css-1coeexk"
              >
                <p
                  class="MuiTypography-root MuiTypography-body1 css-13eiip-MuiTypography-root"
                >
                  Ofsted last inspection
                </p>
                <p
                  class="MuiTypography-root MuiTypography-body1 css-2a4jea-MuiTypography-root"
                >
                  1 January 2022
                </p>
              </div>
            </div>
            <div
              class="MuiGrid-root MuiGrid-item MuiGrid-grid-xs-4 css-1p35hna-MuiGrid-root"
            >
              <div
                class="MuiBox-root css-1bvc4cc"
              >
                <button
                  class="MuiButton-root MuiButton-outlined MuiButton-outlinedPrimary MuiButton-sizeLarge MuiButton-outlinedSizeLarge MuiButtonBase-root  css-1vqdlab-MuiButtonBase-root-MuiButton-root"
                  tabindex="0"
                  type="button"
                >
                  Edit organisation
                  <span
                    class="MuiTouchRipple-root css-8je8zh-MuiTouchRipple-root"
                  />
                </button>
              </div>
            </div>
          </div>
        </div>
        <h6
          class="MuiTypography-root MuiTypography-subtitle1 css-16q2fz6-MuiTypography-root"
        >
          Organisation address
        </h6>
        <div
          class="MuiBox-root css-acjjjk"
        >
          <div
            class="MuiBox-root css-1coeexk"
          >
            <p
              class="MuiTypography-root MuiTypography-body1 css-13eiip-MuiTypography-root"
            >
              Line 1
            </p>
            <p
              class="MuiTypography-root MuiTypography-body1 css-2a4jea-MuiTypography-root"
            >
              line 1
            </p>
          </div>
          <div
            class="MuiBox-root css-1coeexk"
          >
            <p
              class="MuiTypography-root MuiTypography-body1 css-13eiip-MuiTypography-root"
            >
              Line 2
            </p>
            <p
              class="MuiTypography-root MuiTypography-body1 css-2a4jea-MuiTypography-root"
            >
              line 2
            </p>
          </div>
          <div
            class="MuiBox-root css-1coeexk"
          >
            <p
              class="MuiTypography-root MuiTypography-body1 css-13eiip-MuiTypography-root"
            >
              City
            </p>
            <p
              class="MuiTypography-root MuiTypography-body1 css-2a4jea-MuiTypography-root"
            >
              test city
            </p>
          </div>
          <div
            class="MuiBox-root css-1coeexk"
          >
            <p
              class="MuiTypography-root MuiTypography-body1 css-13eiip-MuiTypography-root"
            >
              Country
            </p>
            <p
              class="MuiTypography-root MuiTypography-body1 css-2a4jea-MuiTypography-root"
            >
              test country
            </p>
          </div>
          <div
            class="MuiBox-root css-1coeexk"
          >
            <p
              class="MuiTypography-root MuiTypography-body1 css-13eiip-MuiTypography-root"
            >
              Post code
            </p>
            <p
              class="MuiTypography-root MuiTypography-body1 css-2a4jea-MuiTypography-root"
            >
              some postcode
            </p>
          </div>
        </div>
        <h6
          class="MuiTypography-root MuiTypography-subtitle1 css-16q2fz6-MuiTypography-root"
        >
          Additional details
        </h6>
        <div
          class="MuiBox-root css-acjjjk"
        >
          <div
            class="MuiBox-root css-1coeexk"
          >
            <p
              class="MuiTypography-root MuiTypography-body1 css-13eiip-MuiTypography-root"
            >
              Head first name
            </p>
            <p
              class="MuiTypography-root MuiTypography-body1 css-2a4jea-MuiTypography-root"
            >
              test first name
            </p>
          </div>
          <div
            class="MuiBox-root css-1coeexk"
          >
            <p
              class="MuiTypography-root MuiTypography-body1 css-13eiip-MuiTypography-root"
            >
              Head last name
            </p>
            <p
              class="MuiTypography-root MuiTypography-body1 css-2a4jea-MuiTypography-root"
            >
              test last name
            </p>
          </div>
          <div
            class="MuiBox-root css-1coeexk"
          >
            <p
              class="MuiTypography-root MuiTypography-body1 css-13eiip-MuiTypography-root"
            >
              Head title
            </p>
            <p
              class="MuiTypography-root MuiTypography-body1 css-2a4jea-MuiTypography-root"
            >
              test title
            </p>
          </div>
          <div
            class="MuiBox-root css-1coeexk"
          >
            <p
              class="MuiTypography-root MuiTypography-body1 css-13eiip-MuiTypography-root"
            >
              Head preferred job title
            </p>
            <p
              class="MuiTypography-root MuiTypography-body1 css-2a4jea-MuiTypography-root"
            >
              test job title
            </p>
          </div>
          <div
            class="MuiBox-root css-1coeexk"
          >
            <p
              class="MuiTypography-root MuiTypography-body1 css-13eiip-MuiTypography-root"
            >
              Website
            </p>
            <p
              class="MuiTypography-root MuiTypography-body1 css-2a4jea-MuiTypography-root"
            >
              whatever.com
            </p>
          </div>
        </div>
      </div>
    </div>
  </div>,
  "context": Object {
    "auth": Object {
      "activeRole": "user",
      "allowedRoles": Set {
        "user",
      },
      "changeRole": [MockFunction],
      "defaultRole": "user",
      "getJWT": [MockFunction],
      "loadProfile": [MockFunction],
      "loading": false,
      "login": [MockFunction],
      "logout": [MockFunction],
      "profile": Object {
        "addresses": Array [],
        "attributes": Array [],
        "avatar": "",
        "contactDetails": Array [],
        "createdAt": "",
        "dietaryRestrictions": null,
        "disabilities": null,
        "dob": "2002-04-06",
        "email": "john.smith@example.com",
        "familyName": "Smith",
        "fullName": "John Smith",
        "givenName": "John",
        "id": "cacb559d-b85d-5e64-b623-37252520ebda",
        "jobTitle": "Developer",
        "lastActivity": 2020-01-01T00:00:00.000Z,
        "organizations": Array [],
        "phone": "+44 1234555",
        "preferences": Array [],
        "roles": Array [
          Object {
            "role": Object {
              "id": "1",
              "name": "user",
            },
          },
        ],
        "tags": Array [],
        "title": "Mr",
        "trainer_role_types": Array [
          Object {
            "trainer_role_type": Object {
              "id": "1",
              "name": "principal",
            },
          },
        ],
        "updatedAt": "",
      },
      "reloadCurrentProfile": [MockFunction],
    },
  },
  "debug": [Function],
  "findAllByAltText": [Function],
  "findAllByDisplayValue": [Function],
  "findAllByLabelText": [Function],
  "findAllByPlaceholderText": [Function],
  "findAllByRole": [Function],
  "findAllByTestId": [Function],
  "findAllByText": [Function],
  "findAllByTitle": [Function],
  "findByAltText": [Function],
  "findByDisplayValue": [Function],
  "findByLabelText": [Function],
  "findByPlaceholderText": [Function],
  "findByRole": [Function],
  "findByTestId": [Function],
  "findByText": [Function],
  "findByTitle": [Function],
  "getAllByAltText": [Function],
  "getAllByDisplayValue": [Function],
  "getAllByLabelText": [Function],
  "getAllByPlaceholderText": [Function],
  "getAllByRole": [Function],
  "getAllByTestId": [Function],
  "getAllByText": [Function],
  "getAllByTitle": [Function],
  "getByAltText": [Function],
  "getByDisplayValue": [Function],
  "getByLabelText": [Function],
  "getByPlaceholderText": [Function],
  "getByRole": [Function],
  "getByTestId": [Function],
  "getByText": [Function],
  "getByTitle": [Function],
  "queryAllByAltText": [Function],
  "queryAllByDisplayValue": [Function],
  "queryAllByLabelText": [Function],
  "queryAllByPlaceholderText": [Function],
  "queryAllByRole": [Function],
  "queryAllByTestId": [Function],
  "queryAllByText": [Function],
  "queryAllByTitle": [Function],
  "queryByAltText": [Function],
  "queryByDisplayValue": [Function],
  "queryByLabelText": [Function],
  "queryByPlaceholderText": [Function],
  "queryByRole": [Function],
  "queryByTestId": [Function],
  "queryByText": [Function],
  "queryByTitle": [Function],
  "rerender": [Function],
  "unmount": [Function],
}
`;
