// Jest Snapshot v1, https://goo.gl/fbAQLP

exports[`page: VerifyEmailPage matchs snapshot 1`] = `
<div>
  <div
    class="MuiBox-root css-16d3e73"
  >
    <header
      class="MuiPaper-root MuiPaper-elevation MuiPaper-elevation0 MuiAppBar-root MuiAppBar-colorTransparent MuiAppBar-positionFixed mui-fixed css-1jvst5f-MuiPaper-root-MuiAppBar-root"
    >
      <div
        class="MuiToolbar-root MuiToolbar-gutters MuiToolbar-regular css-1k7giva-MuiToolbar-root"
      >
        <div
          class="MuiBox-root css-0"
        />
        <div
          class="MuiBox-root css-70qvj9"
        >
          <div
            class="MuiBox-root css-70qvj9"
          >
            <div
              data-testid="app-logo"
              height="48"
              width="230"
            />
          </div>
        </div>
        <div
          class="MuiBox-root css-0"
        >
          <a
            class="MuiButton-root MuiButton-text MuiButton-textPrimary MuiButton-sizeSmall MuiButton-textSizeSmall MuiButtonBase-root  css-kboeec-MuiButtonBase-root-MuiButton-root"
            href="/verify"
            tabindex="0"
          >
            Verify
            <span
              class="MuiTouchRipple-root css-8je8zh-MuiTouchRipple-root"
            />
          </a>
          <button
            class="MuiButton-root MuiButton-text MuiButton-textPrimary MuiButton-sizeSmall MuiButton-textSizeSmall MuiButtonBase-root  css-kboeec-MuiButtonBase-root-MuiButton-root"
            tabindex="0"
            type="button"
          >
            Logout
            <span
              class="MuiTouchRipple-root css-8je8zh-MuiTouchRipple-root"
            />
          </button>
        </div>
      </div>
    </header>
    <div
      class="MuiBox-root css-1wlfb0w"
    >
      <h3
        class="MuiTypography-root MuiTypography-h3 css-2w99rx-MuiTypography-root"
      >
        Email Verification
      </h3>
      <form
        class="MuiBox-root css-dvxtzn"
      >
        <button
          class="MuiLoadingButton-root MuiButton-root MuiButton-contained MuiButton-containedPrimary MuiButton-sizeLarge MuiButton-containedSizeLarge MuiButtonBase-root css-o5kj1d-MuiButtonBase-root-MuiButton-root-MuiLoadingButton-root"
          data-testid="signup-verify-now-btn"
          id="mui-1"
          tabindex="0"
          type="button"
        >
          Verify Now
          <span
            class="MuiTouchRipple-root css-8je8zh-MuiTouchRipple-root"
          />
        </button>
        <button
          class="MuiButton-root MuiButton-text MuiButton-textPrimary MuiButton-sizeLarge MuiButton-textSizeLarge MuiButtonBase-root  css-e432cs-MuiButtonBase-root-MuiButton-root"
          data-testid="signup-verify-later-btn"
          tabindex="0"
          type="button"
        >
          Verify Later
          <span
            class="MuiTouchRipple-root css-8je8zh-MuiTouchRipple-root"
          />
        </button>
      </form>
    </div>
  </div>
</div>
`;
